Starting script
Copying source code to model directory...
Loaded resolution from file: 0.002, 0.002, 0.002, 0.01874
VNRMSE [Noisy]: 0.671309
Directional error [Noisy]: 6.040761
Divergence [Noisy]: 3.036510
Total avg
Relative error [Fluid] 94.9
Relative error [Bound] 95.4
Relative error [Core] 94.7
Absolute error [Fluid] 0.2901
Absolute error [Bound] 0.2505
Absolute error [Core] 0.3060
Absolute error [Non-F] 0.0000
R.M.S.   error [Fluid] 0.3221
R.M.S.   error [Bound] 0.2845
R.M.S.   error [Core] 0.3357
R.M.S.   error [Non-F] 0.0000
[Iteration 50] total_loss=0.2228, data_loss=0.2006, ref_loss=0.2398, physics_loss=1.5887E-01, it_time=0.00719 s total_time=0.3 min
[Iteration 100] total_loss=0.2033, data_loss=0.1856, ref_loss=0.2268, physics_loss=1.1425E-01, it_time=0.00726 s total_time=0.6 min
[Iteration 150] total_loss=0.1812, data_loss=0.1633, ref_loss=0.1935, physics_loss=1.2242E-01, it_time=0.00712 s total_time=0.8 min
[Iteration 200] total_loss=0.1706, data_loss=0.1525, ref_loss=0.1764, physics_loss=1.2932E-01, it_time=0.00716 s total_time=1.1 min
[Iteration 250] total_loss=0.1606, data_loss=0.1421, ref_loss=0.1669, physics_loss=1.3215E-01, it_time=0.00715 s total_time=1.4 min
[Iteration 300] total_loss=0.1569, data_loss=0.1388, ref_loss=0.1646, physics_loss=1.2783E-01, it_time=0.00714 s total_time=1.6 min
[Iteration 350] total_loss=0.1522, data_loss=0.1330, ref_loss=0.1590, physics_loss=1.3677E-01, it_time=0.00709 s total_time=1.9 min
[Iteration 400] total_loss=0.1500, data_loss=0.1315, ref_loss=0.1526, physics_loss=1.3308E-01, it_time=0.0072 s total_time=2.1 min
[Iteration 450] total_loss=0.1462, data_loss=0.1270, ref_loss=0.1525, physics_loss=1.3584E-01, it_time=0.00715 s total_time=2.4 min
[Iteration 500] total_loss=0.1447, data_loss=0.1246, ref_loss=0.1445, physics_loss=1.4108E-01, it_time=0.00717 s total_time=2.7 min
Total avg
Relative error [Fluid] 74.5
Relative error [Bound] 78.4
Relative error [Core] 72.9
Absolute error [Fluid] 0.1552
Absolute error [Bound] 0.1536
Absolute error [Core] 0.1558
Absolute error [Non-F] 0.0000
R.M.S.   error [Fluid] 0.1851
R.M.S.   error [Bound] 0.1842
R.M.S.   error [Core] 0.1834
R.M.S.   error [Non-F] 0.0000
[Iteration 550] total_loss=0.1442, data_loss=0.1242, ref_loss=0.1461, physics_loss=1.3859E-01, it_time=0.00715 s total_time=2.9 min
[Iteration 600] total_loss=0.1432, data_loss=0.1230, ref_loss=0.1403, physics_loss=1.3975E-01, it_time=0.00715 s total_time=3.2 min
[Iteration 650] total_loss=0.1427, data_loss=0.1212, ref_loss=0.1371, physics_loss=1.5041E-01, it_time=0.00715 s total_time=3.5 min
[Iteration 700] total_loss=0.1397, data_loss=0.1190, ref_loss=0.1353, physics_loss=1.4747E-01, it_time=0.00717 s total_time=3.7 min
[Iteration 750] total_loss=0.1377, data_loss=0.1164, ref_loss=0.1353, physics_loss=1.5011E-01, it_time=0.00716 s total_time=4.0 min
[Iteration 800] total_loss=0.1372, data_loss=0.1164, ref_loss=0.1321, physics_loss=1.4914E-01, it_time=0.00716 s total_time=4.2 min
[Iteration 850] total_loss=0.1352, data_loss=0.1137, ref_loss=0.1344, physics_loss=1.5442E-01, it_time=0.00718 s total_time=4.5 min
[Iteration 900] total_loss=0.1352, data_loss=0.1141, ref_loss=0.1317, physics_loss=1.5342E-01, it_time=0.00717 s total_time=4.8 min
[Iteration 950] total_loss=0.1351, data_loss=0.1141, ref_loss=0.1280, physics_loss=1.5315E-01, it_time=0.00719 s total_time=5.0 min
[Iteration 1000] total_loss=0.1354, data_loss=0.1138, ref_loss=0.1268, physics_loss=1.5807E-01, it_time=0.0072 s total_time=5.3 min
Total avg
Relative error [Fluid] 71.8
Relative error [Bound] 76.2
Relative error [Core] 70.1
Absolute error [Fluid] 0.1426
Absolute error [Bound] 0.1433
Absolute error [Core] 0.1423
Absolute error [Non-F] 0.0000
R.M.S.   error [Fluid] 0.1687
R.M.S.   error [Bound] 0.1702
R.M.S.   error [Core] 0.1659
R.M.S.   error [Non-F] 0.0000
Checkpoint saved to ../models/260417_Aomodel_4dsim_V150_n6_FATHI-MRsignal_loss2/260417_Aomodel_4dsim_V150_n6_FATHI-MRsignal_loss2_FFN_1t_20260417-1630/checkpoints/260417_Aomodel_4dsim_V150_n6_FATHI-MRsignal_loss2_FFN_1t_it1000.pth
[Iteration 1050] total_loss=0.1335, data_loss=0.1123, ref_loss=0.1279, physics_loss=1.5508E-01, it_time=0.0073 s total_time=5.6 min
[Iteration 1100] total_loss=0.1307, data_loss=0.1096, ref_loss=0.1253, physics_loss=1.5705E-01, it_time=0.00716 s total_time=5.9 min
[Iteration 1150] total_loss=0.1286, data_loss=0.1076, ref_loss=0.1294, physics_loss=1.5521E-01, it_time=0.00717 s total_time=6.1 min
[Iteration 1200] total_loss=0.1297, data_loss=0.1082, ref_loss=0.1242, physics_loss=1.5693E-01, it_time=0.00719 s total_time=6.4 min
[Iteration 1250] total_loss=0.1289, data_loss=0.1070, ref_loss=0.1253, physics_loss=1.6008E-01, it_time=0.00717 s total_time=6.7 min
[Iteration 1300] total_loss=0.1266, data_loss=0.1049, ref_loss=0.1238, physics_loss=1.6007E-01, it_time=0.00716 s total_time=6.9 min
[Iteration 1350] total_loss=0.1296, data_loss=0.1077, ref_loss=0.1238, physics_loss=1.6062E-01, it_time=0.00717 s total_time=7.2 min
[Iteration 1400] total_loss=0.1296, data_loss=0.1069, ref_loss=0.1258, physics_loss=1.6861E-01, it_time=0.00716 s total_time=7.4 min
[Iteration 1450] total_loss=0.1303, data_loss=0.1078, ref_loss=0.1214, physics_loss=1.6586E-01, it_time=0.00719 s total_time=7.7 min
[Iteration 1500] total_loss=0.1285, data_loss=0.1067, ref_loss=0.1220, physics_loss=1.6361E-01, it_time=0.00722 s total_time=8.0 min
Total avg
Relative error [Fluid] 70.9
Relative error [Bound] 75.6
Relative error [Core] 68.9
Absolute error [Fluid] 0.1391
Absolute error [Bound] 0.1403
Absolute error [Core] 0.1385
Absolute error [Non-F] 0.0000
R.M.S.   error [Fluid] 0.1639
R.M.S.   error [Bound] 0.1660
R.M.S.   error [Core] 0.1608
R.M.S.   error [Non-F] 0.0000
[Iteration 1550] total_loss=0.1274, data_loss=0.1051, ref_loss=0.1200, physics_loss=1.6827E-01, it_time=0.00728 s total_time=8.3 min
[Iteration 1600] total_loss=0.1279, data_loss=0.1055, ref_loss=0.1197, physics_loss=1.6481E-01, it_time=0.00727 s total_time=8.5 min
[Iteration 1650] total_loss=0.1256, data_loss=0.1041, ref_loss=0.1192, physics_loss=1.5896E-01, it_time=0.00716 s total_time=8.8 min
[Iteration 1700] total_loss=0.1266, data_loss=0.1045, ref_loss=0.1199, physics_loss=1.6530E-01, it_time=0.00717 s total_time=9.1 min
[Iteration 1750] total_loss=0.1267, data_loss=0.1045, ref_loss=0.1205, physics_loss=1.6658E-01, it_time=0.00717 s total_time=9.3 min
[Iteration 1800] total_loss=0.1270, data_loss=0.1047, ref_loss=0.1169, physics_loss=1.6734E-01, it_time=0.00716 s total_time=9.6 min
[Iteration 1850] total_loss=0.1276, data_loss=0.1056, ref_loss=0.1218, physics_loss=1.6501E-01, it_time=0.00716 s total_time=9.8 min
[Iteration 1900] total_loss=0.1272, data_loss=0.1048, ref_loss=0.1181, physics_loss=1.6727E-01, it_time=0.00716 s total_time=10.1 min
[Iteration 1950] total_loss=0.1255, data_loss=0.1032, ref_loss=0.1197, physics_loss=1.7167E-01, it_time=0.00718 s total_time=10.4 min
[Iteration 2000] total_loss=0.1269, data_loss=0.1039, ref_loss=0.1188, physics_loss=1.7380E-01, it_time=0.00717 s total_time=10.6 min
Total avg
Relative error [Fluid] 70.0
Relative error [Bound] 75.0
Relative error [Core] 68.0
Absolute error [Fluid] 0.1365
Absolute error [Bound] 0.1381
Absolute error [Core] 0.1359
Absolute error [Non-F] 0.0000
R.M.S.   error [Fluid] 0.1607
R.M.S.   error [Bound] 0.1630
R.M.S.   error [Core] 0.1575
R.M.S.   error [Non-F] 0.0000
Checkpoint saved to ../models/260417_Aomodel_4dsim_V150_n6_FATHI-MRsignal_loss2/260417_Aomodel_4dsim_V150_n6_FATHI-MRsignal_loss2_FFN_1t_20260417-1630/checkpoints/260417_Aomodel_4dsim_V150_n6_FATHI-MRsignal_loss2_FFN_1t_it2000.pth
[Iteration 2050] total_loss=0.1241, data_loss=0.1013, ref_loss=0.1177, physics_loss=1.6943E-01, it_time=0.00719 s total_time=10.9 min
[Iteration 2100] total_loss=0.1243, data_loss=0.1017, ref_loss=0.1189, physics_loss=1.7220E-01, it_time=0.00716 s total_time=11.2 min
[Iteration 2150] total_loss=0.1241, data_loss=0.1029, ref_loss=0.1137, physics_loss=1.6101E-01, it_time=0.00719 s total_time=11.4 min
[Iteration 2200] total_loss=0.1280, data_loss=0.1042, ref_loss=0.1212, physics_loss=1.8004E-01, it_time=0.00718 s total_time=11.7 min
[Iteration 2250] total_loss=0.1259, data_loss=0.1029, ref_loss=0.1160, physics_loss=1.7506E-01, it_time=0.00718 s total_time=12.0 min
[Iteration 2300] total_loss=0.1239, data_loss=0.1006, ref_loss=0.1172, physics_loss=1.7482E-01, it_time=0.00718 s total_time=12.2 min
[Iteration 2350] total_loss=0.1217, data_loss=0.0998, ref_loss=0.1172, physics_loss=1.6636E-01, it_time=0.00719 s total_time=12.5 min
[Iteration 2400] total_loss=0.1233, data_loss=0.1007, ref_loss=0.1161, physics_loss=1.7179E-01, it_time=0.00719 s total_time=12.8 min
[Iteration 2450] total_loss=0.1244, data_loss=0.1020, ref_loss=0.1186, physics_loss=1.7365E-01, it_time=0.00719 s total_time=13.0 min
[Iteration 2500] total_loss=0.1229, data_loss=0.1005, ref_loss=0.1174, physics_loss=1.7097E-01, it_time=0.00718 s total_time=13.3 min
Total avg
Relative error [Fluid] 69.4
Relative error [Bound] 74.4
Relative error [Core] 67.3
Absolute error [Fluid] 0.1343
Absolute error [Bound] 0.1351
Absolute error [Core] 0.1340
Absolute error [Non-F] 0.0000
R.M.S.   error [Fluid] 0.1574
R.M.S.   error [Bound] 0.1593
R.M.S.   error [Core] 0.1545
R.M.S.   error [Non-F] 0.0000
[Iteration 2550] total_loss=0.1216, data_loss=0.0992, ref_loss=0.1185, physics_loss=1.6923E-01, it_time=0.00719 s total_time=13.6 min
[Iteration 2600] total_loss=0.1212, data_loss=0.0984, ref_loss=0.1169, physics_loss=1.7387E-01, it_time=0.0072 s total_time=13.8 min
[Iteration 2650] total_loss=0.1224, data_loss=0.1002, ref_loss=0.1153, physics_loss=1.7222E-01, it_time=0.00719 s total_time=14.1 min
[Iteration 2700] total_loss=0.1219, data_loss=0.0995, ref_loss=0.1140, physics_loss=1.7052E-01, it_time=0.00722 s total_time=14.4 min
[Iteration 2750] total_loss=0.1209, data_loss=0.0980, ref_loss=0.1112, physics_loss=1.7518E-01, it_time=0.0072 s total_time=14.6 min
[Iteration 2800] total_loss=0.1217, data_loss=0.0986, ref_loss=0.1185, physics_loss=1.7542E-01, it_time=0.0072 s total_time=14.9 min
[Iteration 2850] total_loss=0.1218, data_loss=0.0987, ref_loss=0.1166, physics_loss=1.7841E-01, it_time=0.00719 s total_time=15.2 min
[Iteration 2900] total_loss=0.1231, data_loss=0.1003, ref_loss=0.1165, physics_loss=1.7534E-01, it_time=0.00723 s total_time=15.4 min
[Iteration 2950] total_loss=0.1223, data_loss=0.0995, ref_loss=0.1137, physics_loss=1.7542E-01, it_time=0.00718 s total_time=15.7 min
[Iteration 3000] total_loss=0.1230, data_loss=0.0996, ref_loss=0.1136, physics_loss=1.7819E-01, it_time=0.00719 s total_time=15.9 min
Total avg
Relative error [Fluid] 69.0
Relative error [Bound] 74.1
Relative error [Core] 66.9
Absolute error [Fluid] 0.1336
Absolute error [Bound] 0.1342
Absolute error [Core] 0.1333
Absolute error [Non-F] 0.0000
R.M.S.   error [Fluid] 0.1563
R.M.S.   error [Bound] 0.1583
R.M.S.   error [Core] 0.1534
R.M.S.   error [Non-F] 0.0000
Checkpoint saved to ../models/260417_Aomodel_4dsim_V150_n6_FATHI-MRsignal_loss2/260417_Aomodel_4dsim_V150_n6_FATHI-MRsignal_loss2_FFN_1t_20260417-1630/checkpoints/260417_Aomodel_4dsim_V150_n6_FATHI-MRsignal_loss2_FFN_1t_it3000.pth
[Iteration 3050] total_loss=0.1207, data_loss=0.0975, ref_loss=0.1156, physics_loss=1.7767E-01, it_time=0.00714 s total_time=16.2 min
[Iteration 3100] total_loss=0.1221, data_loss=0.0989, ref_loss=0.1130, physics_loss=1.7933E-01, it_time=0.00718 s total_time=16.5 min
[Iteration 3150] total_loss=0.1215, data_loss=0.0990, ref_loss=0.1122, physics_loss=1.7496E-01, it_time=0.00717 s total_time=16.8 min
[Iteration 3200] total_loss=0.1221, data_loss=0.0991, ref_loss=0.1124, physics_loss=1.7897E-01, it_time=0.0072 s total_time=17.0 min
[Iteration 3250] total_loss=0.1202, data_loss=0.0975, ref_loss=0.1144, physics_loss=1.7659E-01, it_time=0.0072 s total_time=17.3 min
[Iteration 3300] total_loss=0.1205, data_loss=0.0974, ref_loss=0.1112, physics_loss=1.7674E-01, it_time=0.0072 s total_time=17.6 min
[Iteration 3350] total_loss=0.1220, data_loss=0.0988, ref_loss=0.1109, physics_loss=1.7728E-01, it_time=0.0072 s total_time=17.8 min
[Iteration 3400] total_loss=0.1190, data_loss=0.0958, ref_loss=0.1108, physics_loss=1.7665E-01, it_time=0.0072 s total_time=18.1 min
[Iteration 3450] total_loss=0.1206, data_loss=0.0974, ref_loss=0.1134, physics_loss=1.8071E-01, it_time=0.00721 s total_time=18.3 min
[Iteration 3500] total_loss=0.1209, data_loss=0.0971, ref_loss=0.1089, physics_loss=1.8464E-01, it_time=0.0072 s total_time=18.6 min
Total avg
Relative error [Fluid] 68.5
Relative error [Bound] 73.7
Relative error [Core] 66.5
Absolute error [Fluid] 0.1319
Absolute error [Bound] 0.1320
Absolute error [Core] 0.1318
Absolute error [Non-F] 0.0000
R.M.S.   error [Fluid] 0.1538
R.M.S.   error [Bound] 0.1554
R.M.S.   error [Core] 0.1512
R.M.S.   error [Non-F] 0.0000
[Iteration 3550] total_loss=0.1186, data_loss=0.0952, ref_loss=0.1123, physics_loss=1.8157E-01, it_time=0.00729 s total_time=18.9 min
[Iteration 3600] total_loss=0.1199, data_loss=0.0971, ref_loss=0.1123, physics_loss=1.7795E-01, it_time=0.00729 s total_time=19.2 min
[Iteration 3650] total_loss=0.1198, data_loss=0.0965, ref_loss=0.1114, physics_loss=1.7870E-01, it_time=0.00729 s total_time=19.4 min
[Iteration 3700] total_loss=0.1199, data_loss=0.0966, ref_loss=0.1094, physics_loss=1.7817E-01, it_time=0.00719 s total_time=19.7 min
[Iteration 3750] total_loss=0.1214, data_loss=0.0983, ref_loss=0.1104, physics_loss=1.7928E-01, it_time=0.00719 s total_time=20.0 min
[Iteration 3800] total_loss=0.1176, data_loss=0.0945, ref_loss=0.1125, physics_loss=1.7490E-01, it_time=0.00719 s total_time=20.2 min
[Iteration 3850] total_loss=0.1218, data_loss=0.0989, ref_loss=0.1120, physics_loss=1.7644E-01, it_time=0.00719 s total_time=20.5 min
[Iteration 3900] total_loss=0.1182, data_loss=0.0950, ref_loss=0.1116, physics_loss=1.7733E-01, it_time=0.00719 s total_time=20.8 min
[Iteration 3950] total_loss=0.1192, data_loss=0.0957, ref_loss=0.1095, physics_loss=1.8490E-01, it_time=0.00719 s total_time=21.0 min
[Iteration 4000] total_loss=0.1191, data_loss=0.0960, ref_loss=0.1118, physics_loss=1.7645E-01, it_time=0.00719 s total_time=21.3 min
Total avg
Relative error [Fluid] 68.2
Relative error [Bound] 73.4
Relative error [Core] 66.2
Absolute error [Fluid] 0.1314
Absolute error [Bound] 0.1316
Absolute error [Core] 0.1312
Absolute error [Non-F] 0.0000
R.M.S.   error [Fluid] 0.1534
R.M.S.   error [Bound] 0.1550
R.M.S.   error [Core] 0.1506
R.M.S.   error [Non-F] 0.0000
Checkpoint saved to ../models/260417_Aomodel_4dsim_V150_n6_FATHI-MRsignal_loss2/260417_Aomodel_4dsim_V150_n6_FATHI-MRsignal_loss2_FFN_1t_20260417-1630/checkpoints/260417_Aomodel_4dsim_V150_n6_FATHI-MRsignal_loss2_FFN_1t_it4000.pth
[Iteration 4050] total_loss=0.1182, data_loss=0.0949, ref_loss=0.1104, physics_loss=1.7758E-01, it_time=0.00716 s total_time=21.6 min
[Iteration 4100] total_loss=0.1197, data_loss=0.0964, ref_loss=0.1085, physics_loss=1.8088E-01, it_time=0.00719 s total_time=21.8 min
[Iteration 4150] total_loss=0.1181, data_loss=0.0953, ref_loss=0.1103, physics_loss=1.8073E-01, it_time=0.00719 s total_time=22.1 min
[Iteration 4200] total_loss=0.1179, data_loss=0.0948, ref_loss=0.1129, physics_loss=1.7981E-01, it_time=0.00719 s total_time=22.4 min
[Iteration 4250] total_loss=0.1188, data_loss=0.0957, ref_loss=0.1118, physics_loss=1.8007E-01, it_time=0.00733 s total_time=22.6 min
[Iteration 4300] total_loss=0.1180, data_loss=0.0948, ref_loss=0.1100, physics_loss=1.8187E-01, it_time=0.00721 s total_time=22.9 min
[Iteration 4350] total_loss=0.1186, data_loss=0.0956, ref_loss=0.1111, physics_loss=1.8102E-01, it_time=0.00721 s total_time=23.2 min
[Iteration 4400] total_loss=0.1197, data_loss=0.0965, ref_loss=0.1110, physics_loss=1.8097E-01, it_time=0.00721 s total_time=23.4 min
[Iteration 4450] total_loss=0.1187, data_loss=0.0955, ref_loss=0.1114, physics_loss=1.7858E-01, it_time=0.00722 s total_time=23.7 min
[Iteration 4500] total_loss=0.1171, data_loss=0.0943, ref_loss=0.1092, physics_loss=1.7592E-01, it_time=0.00732 s total_time=24.0 min
Total avg
Relative error [Fluid] 68.0
Relative error [Bound] 73.3
Relative error [Core] 65.9
Absolute error [Fluid] 0.1304
Absolute error [Bound] 0.1306
Absolute error [Core] 0.1303
Absolute error [Non-F] 0.0000
R.M.S.   error [Fluid] 0.1522
R.M.S.   error [Bound] 0.1536
R.M.S.   error [Core] 0.1496
R.M.S.   error [Non-F] 0.0000
[Iteration 4550] total_loss=0.1165, data_loss=0.0932, ref_loss=0.1116, physics_loss=1.7868E-01, it_time=0.00719 s total_time=24.2 min
[Iteration 4600] total_loss=0.1189, data_loss=0.0953, ref_loss=0.1098, physics_loss=1.8488E-01, it_time=0.00719 s total_time=24.5 min
[Iteration 4650] total_loss=0.1167, data_loss=0.0938, ref_loss=0.1080, physics_loss=1.7715E-01, it_time=0.00719 s total_time=24.8 min
[Iteration 4700] total_loss=0.1168, data_loss=0.0932, ref_loss=0.1097, physics_loss=1.8296E-01, it_time=0.00719 s total_time=25.0 min
[Iteration 4750] total_loss=0.1168, data_loss=0.0936, ref_loss=0.1090, physics_loss=1.7936E-01, it_time=0.00719 s total_time=25.3 min
[Iteration 4800] total_loss=0.1172, data_loss=0.0938, ref_loss=0.1115, physics_loss=1.8156E-01, it_time=0.00719 s total_time=25.6 min
[Iteration 4850] total_loss=0.1164, data_loss=0.0931, ref_loss=0.1099, physics_loss=1.8185E-01, it_time=0.00719 s total_time=25.8 min
[Iteration 4900] total_loss=0.1182, data_loss=0.0950, ref_loss=0.1090, physics_loss=1.8074E-01, it_time=0.0072 s total_time=26.1 min
[Iteration 4950] total_loss=0.1185, data_loss=0.0954, ref_loss=0.1065, physics_loss=1.7623E-01, it_time=0.00719 s total_time=26.3 min
[Iteration 5000] total_loss=0.1176, data_loss=0.0947, ref_loss=0.1099, physics_loss=1.7927E-01, it_time=0.00718 s total_time=26.6 min
Total avg
Relative error [Fluid] 67.8
Relative error [Bound] 73.1
Relative error [Core] 65.6
Absolute error [Fluid] 0.1297
Absolute error [Bound] 0.1300
Absolute error [Core] 0.1295
Absolute error [Non-F] 0.0000
R.M.S.   error [Fluid] 0.1513
R.M.S.   error [Bound] 0.1527
R.M.S.   error [Core] 0.1486
R.M.S.   error [Non-F] 0.0000
Checkpoint saved to ../models/260417_Aomodel_4dsim_V150_n6_FATHI-MRsignal_loss2/260417_Aomodel_4dsim_V150_n6_FATHI-MRsignal_loss2_FFN_1t_20260417-1630/checkpoints/260417_Aomodel_4dsim_V150_n6_FATHI-MRsignal_loss2_FFN_1t_it5000.pth
[Iteration 5050] total_loss=0.1175, data_loss=0.0945, ref_loss=0.1078, physics_loss=1.8150E-01, it_time=0.00726 s total_time=26.9 min
[Iteration 5100] total_loss=0.1176, data_loss=0.0944, ref_loss=0.1085, physics_loss=1.8328E-01, it_time=0.00726 s total_time=27.2 min
[Iteration 5150] total_loss=0.1176, data_loss=0.0946, ref_loss=0.1099, physics_loss=1.8066E-01, it_time=0.00725 s total_time=27.4 min
[Iteration 5200] total_loss=0.1173, data_loss=0.0937, ref_loss=0.1078, physics_loss=1.8375E-01, it_time=0.00726 s total_time=27.7 min
[Iteration 5250] total_loss=0.1154, data_loss=0.0924, ref_loss=0.1071, physics_loss=1.8129E-01, it_time=0.00726 s total_time=28.0 min
[Iteration 5300] total_loss=0.1174, data_loss=0.0942, ref_loss=0.1075, physics_loss=1.8353E-01, it_time=0.00726 s total_time=28.2 min
[Iteration 5350] total_loss=0.1166, data_loss=0.0939, ref_loss=0.1098, physics_loss=1.7741E-01, it_time=0.0072 s total_time=28.5 min
[Iteration 5400] total_loss=0.1167, data_loss=0.0937, ref_loss=0.1083, physics_loss=1.8019E-01, it_time=0.00721 s total_time=28.8 min
[Iteration 5450] total_loss=0.1172, data_loss=0.0944, ref_loss=0.1070, physics_loss=1.7764E-01, it_time=0.0072 s total_time=29.0 min
[Iteration 5500] total_loss=0.1167, data_loss=0.0942, ref_loss=0.1098, physics_loss=1.7582E-01, it_time=0.00722 s total_time=29.3 min
Total avg
Relative error [Fluid] 67.6
Relative error [Bound] 73.0
Relative error [Core] 65.4
Absolute error [Fluid] 0.1293
Absolute error [Bound] 0.1298
Absolute error [Core] 0.1291
Absolute error [Non-F] 0.0000
R.M.S.   error [Fluid] 0.1511
R.M.S.   error [Bound] 0.1529
R.M.S.   error [Core] 0.1483
R.M.S.   error [Non-F] 0.0000
[Iteration 5550] total_loss=0.1169, data_loss=0.0940, ref_loss=0.1070, physics_loss=1.8140E-01, it_time=0.00723 s total_time=29.6 min
[Iteration 5600] total_loss=0.1166, data_loss=0.0936, ref_loss=0.1074, physics_loss=1.8044E-01, it_time=0.00723 s total_time=29.9 min
[Iteration 5650] total_loss=0.1148, data_loss=0.0915, ref_loss=0.1066, physics_loss=1.8238E-01, it_time=0.00719 s total_time=30.1 min
[Iteration 5700] total_loss=0.1158, data_loss=0.0923, ref_loss=0.1050, physics_loss=1.8234E-01, it_time=0.00719 s total_time=30.4 min
[Iteration 5750] total_loss=0.1157, data_loss=0.0921, ref_loss=0.1102, physics_loss=1.8424E-01, it_time=0.00723 s total_time=30.6 min
[Iteration 5800] total_loss=0.1143, data_loss=0.0912, ref_loss=0.1081, physics_loss=1.8217E-01, it_time=0.00721 s total_time=30.9 min
[Iteration 5850] total_loss=0.1175, data_loss=0.0942, ref_loss=0.1074, physics_loss=1.8251E-01, it_time=0.0072 s total_time=31.2 min
[Iteration 5900] total_loss=0.1153, data_loss=0.0915, ref_loss=0.1079, physics_loss=1.8528E-01, it_time=0.00721 s total_time=31.4 min
[Iteration 5950] total_loss=0.1150, data_loss=0.0918, ref_loss=0.1072, physics_loss=1.8383E-01, it_time=0.00722 s total_time=31.7 min
[Iteration 6000] total_loss=0.1168, data_loss=0.0936, ref_loss=0.1087, physics_loss=1.8378E-01, it_time=0.00722 s total_time=32.0 min
Total avg
Relative error [Fluid] 67.4
Relative error [Bound] 72.6
Relative error [Core] 65.2
Absolute error [Fluid] 0.1286
Absolute error [Bound] 0.1287
Absolute error [Core] 0.1286
Absolute error [Non-F] 0.0000
R.M.S.   error [Fluid] 0.1502
R.M.S.   error [Bound] 0.1515
R.M.S.   error [Core] 0.1476
R.M.S.   error [Non-F] 0.0000
Checkpoint saved to ../models/260417_Aomodel_4dsim_V150_n6_FATHI-MRsignal_loss2/260417_Aomodel_4dsim_V150_n6_FATHI-MRsignal_loss2_FFN_1t_20260417-1630/checkpoints/260417_Aomodel_4dsim_V150_n6_FATHI-MRsignal_loss2_FFN_1t_it6000.pth
[Iteration 6050] total_loss=0.1174, data_loss=0.0937, ref_loss=0.1073, physics_loss=1.8525E-01, it_time=0.00726 s total_time=32.3 min
[Iteration 6100] total_loss=0.1166, data_loss=0.0934, ref_loss=0.1067, physics_loss=1.8358E-01, it_time=0.00726 s total_time=32.5 min
[Iteration 6150] total_loss=0.1175, data_loss=0.0935, ref_loss=0.1063, physics_loss=1.8432E-01, it_time=0.00727 s total_time=32.8 min
[Iteration 6200] total_loss=0.1166, data_loss=0.0937, ref_loss=0.1052, physics_loss=1.7975E-01, it_time=0.00723 s total_time=33.1 min
[Iteration 6250] total_loss=0.1152, data_loss=0.0916, ref_loss=0.1092, physics_loss=1.8451E-01, it_time=0.00723 s total_time=33.3 min
[Iteration 6300] total_loss=0.1166, data_loss=0.0936, ref_loss=0.1081, physics_loss=1.8319E-01, it_time=0.00723 s total_time=33.6 min
[Iteration 6350] total_loss=0.1153, data_loss=0.0916, ref_loss=0.1058, physics_loss=1.9003E-01, it_time=0.00727 s total_time=33.9 min
[Iteration 6400] total_loss=0.1163, data_loss=0.0928, ref_loss=0.1080, physics_loss=1.8209E-01, it_time=0.00722 s total_time=34.1 min
[Iteration 6450] total_loss=0.1167, data_loss=0.0932, ref_loss=0.1067, physics_loss=1.8720E-01, it_time=0.00722 s total_time=34.4 min
[Iteration 6500] total_loss=0.1174, data_loss=0.0938, ref_loss=0.1080, physics_loss=1.8455E-01, it_time=0.0072 s total_time=34.6 min
Total avg
Relative error [Fluid] 67.2
Relative error [Bound] 72.7
Relative error [Core] 65.1
Absolute error [Fluid] 0.1283
Absolute error [Bound] 0.1285
Absolute error [Core] 0.1282
Absolute error [Non-F] 0.0000
R.M.S.   error [Fluid] 0.1497
R.M.S.   error [Bound] 0.1511
R.M.S.   error [Core] 0.1472
R.M.S.   error [Non-F] 0.0000
[Iteration 6550] total_loss=0.1154, data_loss=0.0918, ref_loss=0.1076, physics_loss=1.8462E-01, it_time=0.0072 s total_time=34.9 min
[Iteration 6600] total_loss=0.1155, data_loss=0.0926, ref_loss=0.1086, physics_loss=1.8092E-01, it_time=0.0072 s total_time=35.2 min
[Iteration 6650] total_loss=0.1177, data_loss=0.0944, ref_loss=0.1072, physics_loss=1.8574E-01, it_time=0.0072 s total_time=35.5 min
[Iteration 6700] total_loss=0.1160, data_loss=0.0925, ref_loss=0.1048, physics_loss=1.8338E-01, it_time=0.0072 s total_time=35.7 min
[Iteration 6750] total_loss=0.1161, data_loss=0.0938, ref_loss=0.1071, physics_loss=1.7563E-01, it_time=0.00721 s total_time=36.0 min
[Iteration 6800] total_loss=0.1151, data_loss=0.0917, ref_loss=0.1059, physics_loss=1.8419E-01, it_time=0.0072 s total_time=36.3 min
[Iteration 6850] total_loss=0.1154, data_loss=0.0923, ref_loss=0.1065, physics_loss=1.8152E-01, it_time=0.0072 s total_time=36.5 min
[Iteration 6900] total_loss=0.1163, data_loss=0.0929, ref_loss=0.1062, physics_loss=1.8476E-01, it_time=0.0072 s total_time=36.8 min
[Iteration 6950] total_loss=0.1166, data_loss=0.0941, ref_loss=0.1077, physics_loss=1.7944E-01, it_time=0.00721 s total_time=37.0 min
[Iteration 7000] total_loss=0.1156, data_loss=0.0925, ref_loss=0.1091, physics_loss=1.8145E-01, it_time=0.0072 s total_time=37.3 min
Total avg
Relative error [Fluid] 67.1
Relative error [Bound] 72.6
Relative error [Core] 64.9
Absolute error [Fluid] 0.1290
Absolute error [Bound] 0.1288
Absolute error [Core] 0.1291
Absolute error [Non-F] 0.0000
R.M.S.   error [Fluid] 0.1507
R.M.S.   error [Bound] 0.1521
R.M.S.   error [Core] 0.1482
R.M.S.   error [Non-F] 0.0000
Checkpoint saved to ../models/260417_Aomodel_4dsim_V150_n6_FATHI-MRsignal_loss2/260417_Aomodel_4dsim_V150_n6_FATHI-MRsignal_loss2_FFN_1t_20260417-1630/checkpoints/260417_Aomodel_4dsim_V150_n6_FATHI-MRsignal_loss2_FFN_1t_it7000.pth
[Iteration 7050] total_loss=0.1154, data_loss=0.0929, ref_loss=0.1082, physics_loss=1.7827E-01, it_time=0.0072 s total_time=37.6 min
[Iteration 7100] total_loss=0.1162, data_loss=0.0934, ref_loss=0.1041, physics_loss=1.8372E-01, it_time=0.0072 s total_time=37.9 min
[Iteration 7150] total_loss=0.1144, data_loss=0.0916, ref_loss=0.1089, physics_loss=1.7757E-01, it_time=0.00719 s total_time=38.1 min
[Iteration 7200] total_loss=0.1153, data_loss=0.0920, ref_loss=0.1075, physics_loss=1.8589E-01, it_time=0.0072 s total_time=38.4 min
[Iteration 7250] total_loss=0.1151, data_loss=0.0911, ref_loss=0.1069, physics_loss=1.8733E-01, it_time=0.00721 s total_time=38.7 min
[Iteration 7300] total_loss=0.1148, data_loss=0.0914, ref_loss=0.1058, physics_loss=1.8626E-01, it_time=0.00722 s total_time=38.9 min
[Iteration 7350] total_loss=0.1132, data_loss=0.0898, ref_loss=0.1057, physics_loss=1.8472E-01, it_time=0.00721 s total_time=39.2 min
[Iteration 7400] total_loss=0.1152, data_loss=0.0920, ref_loss=0.1062, physics_loss=1.8184E-01, it_time=0.00721 s total_time=39.4 min
[Iteration 7450] total_loss=0.1136, data_loss=0.0910, ref_loss=0.1037, physics_loss=1.7914E-01, it_time=0.00719 s total_time=39.7 min
[Iteration 7500] total_loss=0.1157, data_loss=0.0925, ref_loss=0.1035, physics_loss=1.8308E-01, it_time=0.00719 s total_time=40.0 min
Total avg
Relative error [Fluid] 67.0
Relative error [Bound] 72.5
Relative error [Core] 64.7
Absolute error [Fluid] 0.1275
Absolute error [Bound] 0.1275
Absolute error [Core] 0.1275
Absolute error [Non-F] 0.0000
R.M.S.   error [Fluid] 0.1487
R.M.S.   error [Bound] 0.1498
R.M.S.   error [Core] 0.1462
R.M.S.   error [Non-F] 0.0000
[Iteration 7550] total_loss=0.1170, data_loss=0.0940, ref_loss=0.1062, physics_loss=1.7941E-01, it_time=0.0072 s total_time=40.3 min
[Iteration 7600] total_loss=0.1149, data_loss=0.0918, ref_loss=0.1055, physics_loss=1.8272E-01, it_time=0.00721 s total_time=40.5 min
[Iteration 7650] total_loss=0.1139, data_loss=0.0909, ref_loss=0.1043, physics_loss=1.8553E-01, it_time=0.00721 s total_time=40.8 min
[Iteration 7700] total_loss=0.1146, data_loss=0.0908, ref_loss=0.1036, physics_loss=1.8830E-01, it_time=0.00721 s total_time=41.1 min
[Iteration 7750] total_loss=0.1167, data_loss=0.0936, ref_loss=0.1062, physics_loss=1.7961E-01, it_time=0.00722 s total_time=41.3 min
[Iteration 7800] total_loss=0.1152, data_loss=0.0923, ref_loss=0.1067, physics_loss=1.8058E-01, it_time=0.00719 s total_time=41.6 min
[Iteration 7850] total_loss=0.1133, data_loss=0.0898, ref_loss=0.1038, physics_loss=1.8856E-01, it_time=0.00722 s total_time=41.8 min
[Iteration 7900] total_loss=0.1131, data_loss=0.0897, ref_loss=0.1065, physics_loss=1.8224E-01, it_time=0.00723 s total_time=42.1 min
[Iteration 7950] total_loss=0.1130, data_loss=0.0897, ref_loss=0.1064, physics_loss=1.8270E-01, it_time=0.00722 s total_time=42.4 min
[Iteration 8000] total_loss=0.1162, data_loss=0.0931, ref_loss=0.1059, physics_loss=1.8417E-01, it_time=0.00722 s total_time=42.6 min
Total avg
Relative error [Fluid] 66.8
Relative error [Bound] 72.2
Relative error [Core] 64.6
Absolute error [Fluid] 0.1270
Absolute error [Bound] 0.1268
Absolute error [Core] 0.1271
Absolute error [Non-F] 0.0000
R.M.S.   error [Fluid] 0.1480
R.M.S.   error [Bound] 0.1488
R.M.S.   error [Core] 0.1458
R.M.S.   error [Non-F] 0.0000
Checkpoint saved to ../models/260417_Aomodel_4dsim_V150_n6_FATHI-MRsignal_loss2/260417_Aomodel_4dsim_V150_n6_FATHI-MRsignal_loss2_FFN_1t_20260417-1630/checkpoints/260417_Aomodel_4dsim_V150_n6_FATHI-MRsignal_loss2_FFN_1t_it8000.pth
[Iteration 8050] total_loss=0.1155, data_loss=0.0925, ref_loss=0.1048, physics_loss=1.8455E-01, it_time=0.00722 s total_time=42.9 min
[Iteration 8100] total_loss=0.1138, data_loss=0.0907, ref_loss=0.1050, physics_loss=1.8451E-01, it_time=0.00721 s total_time=43.2 min
[Iteration 8150] total_loss=0.1118, data_loss=0.0888, ref_loss=0.1041, physics_loss=1.8364E-01, it_time=0.00722 s total_time=43.5 min
[Iteration 8200] total_loss=0.1166, data_loss=0.0932, ref_loss=0.1079, physics_loss=1.8327E-01, it_time=0.00721 s total_time=43.7 min
[Iteration 8250] total_loss=0.1145, data_loss=0.0916, ref_loss=0.1047, physics_loss=1.8480E-01, it_time=0.00721 s total_time=44.0 min
[Iteration 8300] total_loss=0.1153, data_loss=0.0911, ref_loss=0.1046, physics_loss=1.8881E-01, it_time=0.00721 s total_time=44.3 min
[Iteration 8350] total_loss=0.1138, data_loss=0.0911, ref_loss=0.1063, physics_loss=1.7960E-01, it_time=0.0072 s total_time=44.5 min
[Iteration 8400] total_loss=0.1140, data_loss=0.0911, ref_loss=0.1065, physics_loss=1.8385E-01, it_time=0.00721 s total_time=44.8 min
[Iteration 8450] total_loss=0.1157, data_loss=0.0925, ref_loss=0.1057, physics_loss=1.8218E-01, it_time=0.0072 s total_time=45.0 min
[Iteration 8500] total_loss=0.1131, data_loss=0.0895, ref_loss=0.1052, physics_loss=1.8651E-01, it_time=0.0072 s total_time=45.3 min
Total avg
Relative error [Fluid] 66.6
Relative error [Bound] 72.2
Relative error [Core] 64.4
Absolute error [Fluid] 0.1269
Absolute error [Bound] 0.1267
Absolute error [Core] 0.1269
Absolute error [Non-F] 0.0000
R.M.S.   error [Fluid] 0.1480
R.M.S.   error [Bound] 0.1489
R.M.S.   error [Core] 0.1457
R.M.S.   error [Non-F] 0.0000
[Iteration 8550] total_loss=0.1136, data_loss=0.0901, ref_loss=0.1041, physics_loss=1.8705E-01, it_time=0.00727 s total_time=45.6 min
[Iteration 8600] total_loss=0.1140, data_loss=0.0911, ref_loss=0.1058, physics_loss=1.8384E-01, it_time=0.0072 s total_time=45.9 min
[Iteration 8650] total_loss=0.1118, data_loss=0.0885, ref_loss=0.1042, physics_loss=1.8548E-01, it_time=0.00721 s total_time=46.1 min
[Iteration 8700] total_loss=0.1136, data_loss=0.0904, ref_loss=0.1049, physics_loss=1.8319E-01, it_time=0.00721 s total_time=46.4 min
[Iteration 8750] total_loss=0.1165, data_loss=0.0929, ref_loss=0.1033, physics_loss=1.8709E-01, it_time=0.00721 s total_time=46.7 min
[Iteration 8800] total_loss=0.1143, data_loss=0.0914, ref_loss=0.1066, physics_loss=1.8194E-01, it_time=0.00721 s total_time=46.9 min
[Iteration 8850] total_loss=0.1152, data_loss=0.0926, ref_loss=0.1032, physics_loss=1.7941E-01, it_time=0.00722 s total_time=47.2 min
[Iteration 8900] total_loss=0.1158, data_loss=0.0925, ref_loss=0.1029, physics_loss=1.8553E-01, it_time=0.00721 s total_time=47.5 min
[Iteration 8950] total_loss=0.1150, data_loss=0.0919, ref_loss=0.1037, physics_loss=1.8467E-01, it_time=0.00721 s total_time=47.7 min
[Iteration 9000] total_loss=0.1125, data_loss=0.0897, ref_loss=0.1044, physics_loss=1.8041E-01, it_time=0.00722 s total_time=48.0 min
Total avg
Relative error [Fluid] 66.6
Relative error [Bound] 72.1
Relative error [Core] 64.3
Absolute error [Fluid] 0.1266
Absolute error [Bound] 0.1267
Absolute error [Core] 0.1266
Absolute error [Non-F] 0.0000
R.M.S.   error [Fluid] 0.1478
R.M.S.   error [Bound] 0.1489
R.M.S.   error [Core] 0.1453
R.M.S.   error [Non-F] 0.0000
Checkpoint saved to ../models/260417_Aomodel_4dsim_V150_n6_FATHI-MRsignal_loss2/260417_Aomodel_4dsim_V150_n6_FATHI-MRsignal_loss2_FFN_1t_20260417-1630/checkpoints/260417_Aomodel_4dsim_V150_n6_FATHI-MRsignal_loss2_FFN_1t_it9000.pth
[Iteration 9050] total_loss=0.1143, data_loss=0.0908, ref_loss=0.1034, physics_loss=1.8630E-01, it_time=0.0072 s total_time=48.3 min
[Iteration 9100] total_loss=0.1115, data_loss=0.0886, ref_loss=0.1029, physics_loss=1.8103E-01, it_time=0.0072 s total_time=48.5 min
[Iteration 9150] total_loss=0.1127, data_loss=0.0897, ref_loss=0.1017, physics_loss=1.8543E-01, it_time=0.00723 s total_time=48.8 min
[Iteration 9200] total_loss=0.1126, data_loss=0.0893, ref_loss=0.1050, physics_loss=1.8742E-01, it_time=0.00723 s total_time=49.1 min
[Iteration 9250] total_loss=0.1139, data_loss=0.0913, ref_loss=0.1070, physics_loss=1.7853E-01, it_time=0.00722 s total_time=49.3 min
[Iteration 9300] total_loss=0.1125, data_loss=0.0894, ref_loss=0.1032, physics_loss=1.8410E-01, it_time=0.00723 s total_time=49.6 min
[Iteration 9350] total_loss=0.1153, data_loss=0.0926, ref_loss=0.1023, physics_loss=1.8050E-01, it_time=0.00722 s total_time=49.9 min
[Iteration 9400] total_loss=0.1118, data_loss=0.0892, ref_loss=0.1055, physics_loss=1.8091E-01, it_time=0.00724 s total_time=50.1 min
[Iteration 9450] total_loss=0.1119, data_loss=0.0889, ref_loss=0.1047, physics_loss=1.8472E-01, it_time=0.00723 s total_time=50.4 min
[Iteration 9500] total_loss=0.1131, data_loss=0.0906, ref_loss=0.1044, physics_loss=1.8019E-01, it_time=0.00724 s total_time=50.7 min
Total avg
Relative error [Fluid] 66.5
Relative error [Bound] 72.1
Relative error [Core] 64.2
Absolute error [Fluid] 0.1264
Absolute error [Bound] 0.1266
Absolute error [Core] 0.1263
Absolute error [Non-F] 0.0000
R.M.S.   error [Fluid] 0.1477
R.M.S.   error [Bound] 0.1490
R.M.S.   error [Core] 0.1451
R.M.S.   error [Non-F] 0.0000
[Iteration 9550] total_loss=0.1121, data_loss=0.0889, ref_loss=0.1011, physics_loss=1.8625E-01, it_time=0.00729 s total_time=51.0 min
[Iteration 9600] total_loss=0.1129, data_loss=0.0902, ref_loss=0.1041, physics_loss=1.8039E-01, it_time=0.00728 s total_time=51.2 min
[Iteration 9650] total_loss=0.1124, data_loss=0.0891, ref_loss=0.1052, physics_loss=1.8356E-01, it_time=0.00722 s total_time=51.5 min
[Iteration 9700] total_loss=0.1143, data_loss=0.0912, ref_loss=0.1042, physics_loss=1.8395E-01, it_time=0.00722 s total_time=51.8 min
[Iteration 9750] total_loss=0.1129, data_loss=0.0897, ref_loss=0.1057, physics_loss=1.8350E-01, it_time=0.00721 s total_time=52.0 min
[Iteration 9800] total_loss=0.1153, data_loss=0.0918, ref_loss=0.1043, physics_loss=1.8677E-01, it_time=0.00722 s total_time=52.3 min
[Iteration 9850] total_loss=0.1123, data_loss=0.0896, ref_loss=0.1021, physics_loss=1.8295E-01, it_time=0.00722 s total_time=52.5 min
[Iteration 9900] total_loss=0.1137, data_loss=0.0905, ref_loss=0.1035, physics_loss=1.8335E-01, it_time=0.00724 s total_time=52.8 min
[Iteration 9950] total_loss=0.1136, data_loss=0.0911, ref_loss=0.1042, physics_loss=1.7971E-01, it_time=0.0072 s total_time=53.1 min
[Iteration 10000] total_loss=0.1115, data_loss=0.0884, ref_loss=0.1025, physics_loss=1.8241E-01, it_time=0.00719 s total_time=53.3 min
Total avg
Relative error [Fluid] 66.5
Relative error [Bound] 72.1
Relative error [Core] 64.2
Absolute error [Fluid] 0.1263
Absolute error [Bound] 0.1261
Absolute error [Core] 0.1263
Absolute error [Non-F] 0.0000
R.M.S.   error [Fluid] 0.1474
R.M.S.   error [Bound] 0.1485
R.M.S.   error [Core] 0.1451
R.M.S.   error [Non-F] 0.0000
Checkpoint saved to ../models/260417_Aomodel_4dsim_V150_n6_FATHI-MRsignal_loss2/260417_Aomodel_4dsim_V150_n6_FATHI-MRsignal_loss2_FFN_1t_20260417-1630/checkpoints/260417_Aomodel_4dsim_V150_n6_FATHI-MRsignal_loss2_FFN_1t_it10000.pth
[Iteration 10050] total_loss=0.1114, data_loss=0.0885, ref_loss=0.1043, physics_loss=1.8486E-01, it_time=0.00726 s total_time=53.6 min
[Iteration 10100] total_loss=0.1121, data_loss=0.0898, ref_loss=0.1031, physics_loss=1.7854E-01, it_time=0.00731 s total_time=53.9 min
[Iteration 10150] total_loss=0.1135, data_loss=0.0905, ref_loss=0.1028, physics_loss=1.8485E-01, it_time=0.00731 s total_time=54.2 min
[Iteration 10200] total_loss=0.1140, data_loss=0.0900, ref_loss=0.1032, physics_loss=1.9237E-01, it_time=0.00723 s total_time=54.4 min
[Iteration 10250] total_loss=0.1140, data_loss=0.0914, ref_loss=0.1015, physics_loss=1.7957E-01, it_time=0.00723 s total_time=54.7 min
[Iteration 10300] total_loss=0.1113, data_loss=0.0882, ref_loss=0.1040, physics_loss=1.8649E-01, it_time=0.00722 s total_time=55.0 min
[Iteration 10350] total_loss=0.1133, data_loss=0.0898, ref_loss=0.1005, physics_loss=1.8620E-01, it_time=0.00722 s total_time=55.2 min
[Iteration 10400] total_loss=0.1122, data_loss=0.0892, ref_loss=0.1048, physics_loss=1.8216E-01, it_time=0.00722 s total_time=55.5 min
[Iteration 10450] total_loss=0.1133, data_loss=0.0909, ref_loss=0.1052, physics_loss=1.8109E-01, it_time=0.00722 s total_time=55.8 min
[Iteration 10500] total_loss=0.1108, data_loss=0.0882, ref_loss=0.1037, physics_loss=1.8073E-01, it_time=0.00722 s total_time=56.0 min
Total avg
Relative error [Fluid] 66.3
Relative error [Bound] 71.9
Relative error [Core] 64.1
Absolute error [Fluid] 0.1262
Absolute error [Bound] 0.1257
Absolute error [Core] 0.1264
Absolute error [Non-F] 0.0000
R.M.S.   error [Fluid] 0.1472
R.M.S.   error [Bound] 0.1478
R.M.S.   error [Core] 0.1451
R.M.S.   error [Non-F] 0.0000
[Iteration 10550] total_loss=0.1151, data_loss=0.0913, ref_loss=0.1021, physics_loss=1.9034E-01, it_time=0.00729 s total_time=56.3 min
[Iteration 10600] total_loss=0.1135, data_loss=0.0905, ref_loss=0.1059, physics_loss=1.8337E-01, it_time=0.0073 s total_time=56.6 min
[Iteration 10650] total_loss=0.1120, data_loss=0.0893, ref_loss=0.1053, physics_loss=1.8417E-01, it_time=0.0073 s total_time=56.9 min
[Iteration 10700] total_loss=0.1124, data_loss=0.0892, ref_loss=0.1033, physics_loss=1.8457E-01, it_time=0.00723 s total_time=57.1 min
[Iteration 10750] total_loss=0.1116, data_loss=0.0887, ref_loss=0.1047, physics_loss=1.8335E-01, it_time=0.00723 s total_time=57.4 min
[Iteration 10800] total_loss=0.1134, data_loss=0.0906, ref_loss=0.1033, physics_loss=1.8155E-01, it_time=0.00723 s total_time=57.7 min
[Iteration 10850] total_loss=0.1133, data_loss=0.0904, ref_loss=0.1031, physics_loss=1.8319E-01, it_time=0.00724 s total_time=57.9 min
[Iteration 10900] total_loss=0.1109, data_loss=0.0882, ref_loss=0.1013, physics_loss=1.8154E-01, it_time=0.00724 s total_time=58.2 min
[Iteration 10950] total_loss=0.1127, data_loss=0.0898, ref_loss=0.1034, physics_loss=1.8407E-01, it_time=0.00724 s total_time=58.4 min
[Iteration 11000] total_loss=0.1107, data_loss=0.0875, ref_loss=0.1039, physics_loss=1.8670E-01, it_time=0.00721 s total_time=58.7 min
Total avg
Relative error [Fluid] 66.2
Relative error [Bound] 71.7
Relative error [Core] 63.9
Absolute error [Fluid] 0.1256
Absolute error [Bound] 0.1248
Absolute error [Core] 0.1259
Absolute error [Non-F] 0.0000
R.M.S.   error [Fluid] 0.1464
R.M.S.   error [Bound] 0.1466
R.M.S.   error [Core] 0.1445
R.M.S.   error [Non-F] 0.0000
Checkpoint saved to ../models/260417_Aomodel_4dsim_V150_n6_FATHI-MRsignal_loss2/260417_Aomodel_4dsim_V150_n6_FATHI-MRsignal_loss2_FFN_1t_20260417-1630/checkpoints/260417_Aomodel_4dsim_V150_n6_FATHI-MRsignal_loss2_FFN_1t_it11000.pth
[Iteration 11050] total_loss=0.1123, data_loss=0.0892, ref_loss=0.1046, physics_loss=1.8249E-01, it_time=0.00727 s total_time=59.0 min
[Iteration 11100] total_loss=0.1130, data_loss=0.0897, ref_loss=0.1037, physics_loss=1.8618E-01, it_time=0.00723 s total_time=59.3 min
[Iteration 11150] total_loss=0.1120, data_loss=0.0891, ref_loss=0.1038, physics_loss=1.8202E-01, it_time=0.00724 s total_time=59.5 min
[Iteration 11200] total_loss=0.1129, data_loss=0.0897, ref_loss=0.1019, physics_loss=1.8461E-01, it_time=0.00723 s total_time=59.8 min
[Iteration 11250] total_loss=0.1101, data_loss=0.0875, ref_loss=0.1024, physics_loss=1.7940E-01, it_time=0.00721 s total_time=60.1 min
[Iteration 11300] total_loss=0.1125, data_loss=0.0899, ref_loss=0.1045, physics_loss=1.8051E-01, it_time=0.00722 s total_time=60.3 min
[Iteration 11350] total_loss=0.1100, data_loss=0.0871, ref_loss=0.1015, physics_loss=1.8360E-01, it_time=0.00721 s total_time=60.6 min
[Iteration 11400] total_loss=0.1122, data_loss=0.0896, ref_loss=0.1032, physics_loss=1.8307E-01, it_time=0.0072 s total_time=60.9 min
[Iteration 11450] total_loss=0.1114, data_loss=0.0889, ref_loss=0.1023, physics_loss=1.8275E-01, it_time=0.00721 s total_time=61.1 min
[Iteration 11500] total_loss=0.1128, data_loss=0.0900, ref_loss=0.1038, physics_loss=1.8377E-01, it_time=0.00721 s total_time=61.4 min
Total avg
Relative error [Fluid] 66.1
Relative error [Bound] 71.7
Relative error [Core] 63.9
Absolute error [Fluid] 0.1256
Absolute error [Bound] 0.1251
Absolute error [Core] 0.1257
Absolute error [Non-F] 0.0000
R.M.S.   error [Fluid] 0.1464
R.M.S.   error [Bound] 0.1473
R.M.S.   error [Core] 0.1443
R.M.S.   error [Non-F] 0.0000
[Iteration 11550] total_loss=0.1109, data_loss=0.0884, ref_loss=0.0996, physics_loss=1.8049E-01, it_time=0.00728 s total_time=61.7 min
[Iteration 11600] total_loss=0.1121, data_loss=0.0892, ref_loss=0.1022, physics_loss=1.8150E-01, it_time=0.00723 s total_time=61.9 min
[Iteration 11650] total_loss=0.1141, data_loss=0.0900, ref_loss=0.1006, physics_loss=1.9072E-01, it_time=0.00722 s total_time=62.2 min
[Iteration 11700] total_loss=0.1113, data_loss=0.0880, ref_loss=0.0998, physics_loss=1.8632E-01, it_time=0.00724 s total_time=62.5 min
[Iteration 11750] total_loss=0.1113, data_loss=0.0887, ref_loss=0.1019, physics_loss=1.8232E-01, it_time=0.00723 s total_time=62.7 min
[Iteration 11800] total_loss=0.1140, data_loss=0.0907, ref_loss=0.1019, physics_loss=1.8732E-01, it_time=0.00723 s total_time=63.0 min
[Iteration 11850] total_loss=0.1098, data_loss=0.0867, ref_loss=0.1027, physics_loss=1.8462E-01, it_time=0.00722 s total_time=63.3 min
[Iteration 11900] total_loss=0.1108, data_loss=0.0873, ref_loss=0.1043, physics_loss=1.8826E-01, it_time=0.00721 s total_time=63.5 min
[Iteration 11950] total_loss=0.1128, data_loss=0.0896, ref_loss=0.1040, physics_loss=1.8712E-01, it_time=0.00722 s total_time=63.8 min
[Iteration 12000] total_loss=0.1112, data_loss=0.0883, ref_loss=0.1024, physics_loss=1.8193E-01, it_time=0.00723 s total_time=64.1 min
Total avg
Relative error [Fluid] 66.1
Relative error [Bound] 71.7
Relative error [Core] 63.8
Absolute error [Fluid] 0.1255
Absolute error [Bound] 0.1252
Absolute error [Core] 0.1256
Absolute error [Non-F] 0.0000
R.M.S.   error [Fluid] 0.1465
R.M.S.   error [Bound] 0.1470
R.M.S.   error [Core] 0.1443
R.M.S.   error [Non-F] 0.0000
Checkpoint saved to ../models/260417_Aomodel_4dsim_V150_n6_FATHI-MRsignal_loss2/260417_Aomodel_4dsim_V150_n6_FATHI-MRsignal_loss2_FFN_1t_20260417-1630/checkpoints/260417_Aomodel_4dsim_V150_n6_FATHI-MRsignal_loss2_FFN_1t_it12000.pth
[Iteration 12050] total_loss=0.1117, data_loss=0.0885, ref_loss=0.1030, physics_loss=1.8742E-01, it_time=0.00721 s total_time=64.4 min
[Iteration 12100] total_loss=0.1106, data_loss=0.0875, ref_loss=0.1005, physics_loss=1.8476E-01, it_time=0.00721 s total_time=64.6 min
[Iteration 12150] total_loss=0.1133, data_loss=0.0904, ref_loss=0.1032, physics_loss=1.7918E-01, it_time=0.00723 s total_time=64.9 min
[Iteration 12200] total_loss=0.1104, data_loss=0.0874, ref_loss=0.1036, physics_loss=1.8626E-01, it_time=0.00721 s total_time=65.1 min
[Iteration 12250] total_loss=0.1101, data_loss=0.0878, ref_loss=0.1023, physics_loss=1.8042E-01, it_time=0.00721 s total_time=65.4 min
[Iteration 12300] total_loss=0.1122, data_loss=0.0884, ref_loss=0.1019, physics_loss=1.9204E-01, it_time=0.00722 s total_time=65.7 min
[Iteration 12350] total_loss=0.1114, data_loss=0.0884, ref_loss=0.1007, physics_loss=1.8494E-01, it_time=0.00722 s total_time=65.9 min
[Iteration 12400] total_loss=0.1110, data_loss=0.0887, ref_loss=0.1025, physics_loss=1.7619E-01, it_time=0.00723 s total_time=66.2 min
[Iteration 12450] total_loss=0.1105, data_loss=0.0880, ref_loss=0.1028, physics_loss=1.8125E-01, it_time=0.00722 s total_time=66.5 min
[Iteration 12500] total_loss=0.1125, data_loss=0.0894, ref_loss=0.1036, physics_loss=1.8690E-01, it_time=0.00722 s total_time=66.7 min
Total avg
Relative error [Fluid] 66.0
Relative error [Bound] 71.6
Relative error [Core] 63.8
Absolute error [Fluid] 0.1251
Absolute error [Bound] 0.1243
Absolute error [Core] 0.1254
Absolute error [Non-F] 0.0000
R.M.S.   error [Fluid] 0.1458
R.M.S.   error [Bound] 0.1461
R.M.S.   error [Core] 0.1438
R.M.S.   error [Non-F] 0.0000
[Iteration 12550] total_loss=0.1100, data_loss=0.0869, ref_loss=0.1028, physics_loss=1.8485E-01, it_time=0.0073 s total_time=67.0 min
[Iteration 12600] total_loss=0.1102, data_loss=0.0871, ref_loss=0.1022, physics_loss=1.8369E-01, it_time=0.00733 s total_time=67.3 min
[Iteration 12650] total_loss=0.1128, data_loss=0.0900, ref_loss=0.1002, physics_loss=1.8078E-01, it_time=0.00723 s total_time=67.6 min
[Iteration 12700] total_loss=0.1137, data_loss=0.0904, ref_loss=0.1020, physics_loss=1.8925E-01, it_time=0.00721 s total_time=67.8 min
[Iteration 12750] total_loss=0.1110, data_loss=0.0877, ref_loss=0.1012, physics_loss=1.8875E-01, it_time=0.00722 s total_time=68.1 min
[Iteration 12800] total_loss=0.1106, data_loss=0.0875, ref_loss=0.1018, physics_loss=1.8598E-01, it_time=0.00721 s total_time=68.4 min
[Iteration 12850] total_loss=0.1087, data_loss=0.0856, ref_loss=0.1028, physics_loss=1.8784E-01, it_time=0.00722 s total_time=68.6 min
[Iteration 12900] total_loss=0.1108, data_loss=0.0880, ref_loss=0.1025, physics_loss=1.8175E-01, it_time=0.00721 s total_time=68.9 min
[Iteration 12950] total_loss=0.1124, data_loss=0.0896, ref_loss=0.1008, physics_loss=1.8432E-01, it_time=0.00721 s total_time=69.1 min
[Iteration 13000] total_loss=0.1104, data_loss=0.0879, ref_loss=0.1028, physics_loss=1.8014E-01, it_time=0.00722 s total_time=69.4 min
Total avg
Relative error [Fluid] 66.0
Relative error [Bound] 71.6
Relative error [Core] 63.7
Absolute error [Fluid] 0.1250
Absolute error [Bound] 0.1246
Absolute error [Core] 0.1252
Absolute error [Non-F] 0.0000
R.M.S.   error [Fluid] 0.1458
R.M.S.   error [Bound] 0.1466
R.M.S.   error [Core] 0.1437
R.M.S.   error [Non-F] 0.0000
Checkpoint saved to ../models/260417_Aomodel_4dsim_V150_n6_FATHI-MRsignal_loss2/260417_Aomodel_4dsim_V150_n6_FATHI-MRsignal_loss2_FFN_1t_20260417-1630/checkpoints/260417_Aomodel_4dsim_V150_n6_FATHI-MRsignal_loss2_FFN_1t_it13000.pth
[Iteration 13050] total_loss=0.1097, data_loss=0.0874, ref_loss=0.1043, physics_loss=1.7905E-01, it_time=0.00721 s total_time=69.7 min
[Iteration 13100] total_loss=0.1126, data_loss=0.0897, ref_loss=0.1048, physics_loss=1.8574E-01, it_time=0.00721 s total_time=70.0 min
[Iteration 13150] total_loss=0.1108, data_loss=0.0880, ref_loss=0.0999, physics_loss=1.8342E-01, it_time=0.00721 s total_time=70.2 min
[Iteration 13200] total_loss=0.1136, data_loss=0.0912, ref_loss=0.1006, physics_loss=1.8235E-01, it_time=0.00721 s total_time=70.5 min
[Iteration 13250] total_loss=0.1112, data_loss=0.0883, ref_loss=0.1004, physics_loss=1.8397E-01, it_time=0.00721 s total_time=70.8 min
[Iteration 13300] total_loss=0.1098, data_loss=0.0873, ref_loss=0.0998, physics_loss=1.8185E-01, it_time=0.00722 s total_time=71.0 min
[Iteration 13350] total_loss=0.1118, data_loss=0.0889, ref_loss=0.1008, physics_loss=1.8420E-01, it_time=0.00722 s total_time=71.3 min
[Iteration 13400] total_loss=0.1103, data_loss=0.0870, ref_loss=0.0995, physics_loss=1.8651E-01, it_time=0.00721 s total_time=71.6 min
[Iteration 13450] total_loss=0.1086, data_loss=0.0854, ref_loss=0.1023, physics_loss=1.8747E-01, it_time=0.00722 s total_time=71.8 min
[Iteration 13500] total_loss=0.1116, data_loss=0.0879, ref_loss=0.0998, physics_loss=1.9052E-01, it_time=0.00721 s total_time=72.1 min
Total avg
Relative error [Fluid] 65.9
Relative error [Bound] 71.5
Relative error [Core] 63.6
Absolute error [Fluid] 0.1248
Absolute error [Bound] 0.1241
Absolute error [Core] 0.1251
Absolute error [Non-F] 0.0000
R.M.S.   error [Fluid] 0.1455
R.M.S.   error [Bound] 0.1458
R.M.S.   error [Core] 0.1435
R.M.S.   error [Non-F] 0.0000
[Iteration 13550] total_loss=0.1089, data_loss=0.0860, ref_loss=0.1004, physics_loss=1.8565E-01, it_time=0.00722 s total_time=72.4 min
[Iteration 13600] total_loss=0.1118, data_loss=0.0890, ref_loss=0.1012, physics_loss=1.8350E-01, it_time=0.00722 s total_time=72.6 min
[Iteration 13650] total_loss=0.1098, data_loss=0.0870, ref_loss=0.1023, physics_loss=1.8526E-01, it_time=0.00722 s total_time=72.9 min
[Iteration 13700] total_loss=0.1106, data_loss=0.0874, ref_loss=0.1015, physics_loss=1.8507E-01, it_time=0.00722 s total_time=73.2 min
[Iteration 13750] total_loss=0.1100, data_loss=0.0872, ref_loss=0.1009, physics_loss=1.8422E-01, it_time=0.00723 s total_time=73.4 min
[Iteration 13800] total_loss=0.1096, data_loss=0.0868, ref_loss=0.1014, physics_loss=1.8274E-01, it_time=0.00722 s total_time=73.7 min
[Iteration 13850] total_loss=0.1109, data_loss=0.0880, ref_loss=0.1023, physics_loss=1.8614E-01, it_time=0.00723 s total_time=74.0 min
[Iteration 13900] total_loss=0.1104, data_loss=0.0874, ref_loss=0.1031, physics_loss=1.8572E-01, it_time=0.00722 s total_time=74.2 min
[Iteration 13950] total_loss=0.1105, data_loss=0.0879, ref_loss=0.1010, physics_loss=1.8324E-01, it_time=0.00722 s total_time=74.5 min
[Iteration 14000] total_loss=0.1084, data_loss=0.0851, ref_loss=0.0999, physics_loss=1.8651E-01, it_time=0.00722 s total_time=74.7 min
Total avg
Relative error [Fluid] 65.8
Relative error [Bound] 71.5
Relative error [Core] 63.5
Absolute error [Fluid] 0.1248
Absolute error [Bound] 0.1240
Absolute error [Core] 0.1251
Absolute error [Non-F] 0.0000
R.M.S.   error [Fluid] 0.1455
R.M.S.   error [Bound] 0.1458
R.M.S.   error [Core] 0.1435
R.M.S.   error [Non-F] 0.0000
Checkpoint saved to ../models/260417_Aomodel_4dsim_V150_n6_FATHI-MRsignal_loss2/260417_Aomodel_4dsim_V150_n6_FATHI-MRsignal_loss2_FFN_1t_20260417-1630/checkpoints/260417_Aomodel_4dsim_V150_n6_FATHI-MRsignal_loss2_FFN_1t_it14000.pth
[Iteration 14050] total_loss=0.1104, data_loss=0.0873, ref_loss=0.1030, physics_loss=1.8418E-01, it_time=0.00726 s total_time=75.1 min
[Iteration 14100] total_loss=0.1107, data_loss=0.0877, ref_loss=0.1005, physics_loss=1.8652E-01, it_time=0.00721 s total_time=75.3 min
[Iteration 14150] total_loss=0.1111, data_loss=0.0873, ref_loss=0.1001, physics_loss=1.9331E-01, it_time=0.00723 s total_time=75.6 min
[Iteration 14200] total_loss=0.1128, data_loss=0.0899, ref_loss=0.1014, physics_loss=1.8245E-01, it_time=0.00723 s total_time=75.8 min
[Iteration 14250] total_loss=0.1136, data_loss=0.0908, ref_loss=0.1013, physics_loss=1.8391E-01, it_time=0.00722 s total_time=76.1 min
[Iteration 14300] total_loss=0.1113, data_loss=0.0884, ref_loss=0.1010, physics_loss=1.8315E-01, it_time=0.00722 s total_time=76.4 min
[Iteration 14350] total_loss=0.1115, data_loss=0.0891, ref_loss=0.1019, physics_loss=1.8238E-01, it_time=0.00721 s total_time=76.6 min
[Iteration 14400] total_loss=0.1111, data_loss=0.0881, ref_loss=0.1000, physics_loss=1.8786E-01, it_time=0.00723 s total_time=76.9 min
[Iteration 14450] total_loss=0.1112, data_loss=0.0887, ref_loss=0.1008, physics_loss=1.8143E-01, it_time=0.00723 s total_time=77.2 min
[Iteration 14500] total_loss=0.1121, data_loss=0.0896, ref_loss=0.0995, physics_loss=1.8008E-01, it_time=0.00722 s total_time=77.4 min
Total avg
Relative error [Fluid] 65.6
Relative error [Bound] 71.2
Relative error [Core] 63.4
Absolute error [Fluid] 0.1242
Absolute error [Bound] 0.1233
Absolute error [Core] 0.1245
Absolute error [Non-F] 0.0000
R.M.S.   error [Fluid] 0.1447
R.M.S.   error [Bound] 0.1446
R.M.S.   error [Core] 0.1429
R.M.S.   error [Non-F] 0.0000
[Iteration 14550] total_loss=0.1101, data_loss=0.0869, ref_loss=0.0996, physics_loss=1.8633E-01, it_time=0.00733 s total_time=77.7 min
[Iteration 14600] total_loss=0.1108, data_loss=0.0881, ref_loss=0.1023, physics_loss=1.8482E-01, it_time=0.0072 s total_time=78.0 min
[Iteration 14650] total_loss=0.1112, data_loss=0.0883, ref_loss=0.1028, physics_loss=1.8329E-01, it_time=0.0072 s total_time=78.2 min
[Iteration 14700] total_loss=0.1092, data_loss=0.0870, ref_loss=0.1002, physics_loss=1.8299E-01, it_time=0.00722 s total_time=78.5 min
[Iteration 14750] total_loss=0.1110, data_loss=0.0881, ref_loss=0.0999, physics_loss=1.8810E-01, it_time=0.00722 s total_time=78.8 min
[Iteration 14800] total_loss=0.1100, data_loss=0.0872, ref_loss=0.1022, physics_loss=1.8187E-01, it_time=0.00723 s total_time=79.0 min
[Iteration 14850] total_loss=0.1105, data_loss=0.0878, ref_loss=0.1013, physics_loss=1.8330E-01, it_time=0.00722 s total_time=79.3 min
[Iteration 14900] total_loss=0.1095, data_loss=0.0863, ref_loss=0.1022, physics_loss=1.8639E-01, it_time=0.00722 s total_time=79.6 min
[Iteration 14950] total_loss=0.1107, data_loss=0.0877, ref_loss=0.1020, physics_loss=1.8686E-01, it_time=0.00722 s total_time=79.8 min
[Iteration 15000] total_loss=0.1092, data_loss=0.0866, ref_loss=0.1029, physics_loss=1.8131E-01, it_time=0.00721 s total_time=80.1 min
Total avg
Relative error [Fluid] 65.7
Relative error [Bound] 71.4
Relative error [Core] 63.4
Absolute error [Fluid] 0.1243
Absolute error [Bound] 0.1237
Absolute error [Core] 0.1246
Absolute error [Non-F] 0.0000
R.M.S.   error [Fluid] 0.1450
R.M.S.   error [Bound] 0.1453
R.M.S.   error [Core] 0.1430
R.M.S.   error [Non-F] 0.0000
Checkpoint saved to ../models/260417_Aomodel_4dsim_V150_n6_FATHI-MRsignal_loss2/260417_Aomodel_4dsim_V150_n6_FATHI-MRsignal_loss2_FFN_1t_20260417-1630/checkpoints/260417_Aomodel_4dsim_V150_n6_FATHI-MRsignal_loss2_FFN_1t_it15000.pth
[Iteration 15050] total_loss=0.1092, data_loss=0.0862, ref_loss=0.1010, physics_loss=1.8386E-01, it_time=0.00722 s total_time=80.4 min
[Iteration 15100] total_loss=0.1110, data_loss=0.0883, ref_loss=0.0985, physics_loss=1.8284E-01, it_time=0.00723 s total_time=80.7 min
[Iteration 15150] total_loss=0.1098, data_loss=0.0863, ref_loss=0.1006, physics_loss=1.8888E-01, it_time=0.00719 s total_time=80.9 min
[Iteration 15200] total_loss=0.1118, data_loss=0.0891, ref_loss=0.1025, physics_loss=1.8169E-01, it_time=0.0072 s total_time=81.2 min
[Iteration 15250] total_loss=0.1105, data_loss=0.0878, ref_loss=0.1000, physics_loss=1.8450E-01, it_time=0.00722 s total_time=81.4 min
[Iteration 15300] total_loss=0.1107, data_loss=0.0880, ref_loss=0.1019, physics_loss=1.8217E-01, it_time=0.00721 s total_time=81.7 min
[Iteration 15350] total_loss=0.1103, data_loss=0.0874, ref_loss=0.1003, physics_loss=1.8642E-01, it_time=0.00717 s total_time=82.0 min
[Iteration 15400] total_loss=0.1109, data_loss=0.0884, ref_loss=0.0997, physics_loss=1.8120E-01, it_time=0.0072 s total_time=82.2 min
[Iteration 15450] total_loss=0.1094, data_loss=0.0870, ref_loss=0.1022, physics_loss=1.8367E-01, it_time=0.00719 s total_time=82.5 min
[Iteration 15500] total_loss=0.1101, data_loss=0.0874, ref_loss=0.1003, physics_loss=1.8243E-01, it_time=0.0072 s total_time=82.8 min
Total avg
Relative error [Fluid] 65.6
Relative error [Bound] 71.4
Relative error [Core] 63.3
Absolute error [Fluid] 0.1240
Absolute error [Bound] 0.1234
Absolute error [Core] 0.1242
Absolute error [Non-F] 0.0000
R.M.S.   error [Fluid] 0.1445
R.M.S.   error [Bound] 0.1445
R.M.S.   error [Core] 0.1426
R.M.S.   error [Non-F] 0.0000
[Iteration 15550] total_loss=0.1084, data_loss=0.0852, ref_loss=0.1018, physics_loss=1.8726E-01, it_time=0.00724 s total_time=83.1 min
[Iteration 15600] total_loss=0.1093, data_loss=0.0859, ref_loss=0.1003, physics_loss=1.8932E-01, it_time=0.00722 s total_time=83.3 min
[Iteration 15650] total_loss=0.1096, data_loss=0.0871, ref_loss=0.1007, physics_loss=1.8294E-01, it_time=0.00722 s total_time=83.6 min
[Iteration 15700] total_loss=0.1102, data_loss=0.0872, ref_loss=0.1001, physics_loss=1.8437E-01, it_time=0.00723 s total_time=83.9 min
[Iteration 15750] total_loss=0.1097, data_loss=0.0871, ref_loss=0.1006, physics_loss=1.8471E-01, it_time=0.0073 s total_time=84.1 min
[Iteration 15800] total_loss=0.1107, data_loss=0.0877, ref_loss=0.1026, physics_loss=1.8396E-01, it_time=0.00719 s total_time=84.4 min
[Iteration 15850] total_loss=0.1083, data_loss=0.0855, ref_loss=0.0986, physics_loss=1.8500E-01, it_time=0.00722 s total_time=84.6 min
[Iteration 15900] total_loss=0.1097, data_loss=0.0873, ref_loss=0.0983, physics_loss=1.8270E-01, it_time=0.00719 s total_time=84.9 min
[Iteration 15950] total_loss=0.1124, data_loss=0.0894, ref_loss=0.0997, physics_loss=1.8299E-01, it_time=0.00723 s total_time=85.2 min
[Iteration 16000] total_loss=0.1134, data_loss=0.0902, ref_loss=0.0996, physics_loss=1.8756E-01, it_time=0.00721 s total_time=85.4 min
Total avg
Relative error [Fluid] 65.6
Relative error [Bound] 71.2
Relative error [Core] 63.3
Absolute error [Fluid] 0.1241
Absolute error [Bound] 0.1228
Absolute error [Core] 0.1246
Absolute error [Non-F] 0.0000
R.M.S.   error [Fluid] 0.1445
R.M.S.   error [Bound] 0.1442
R.M.S.   error [Core] 0.1429
R.M.S.   error [Non-F] 0.0000
Checkpoint saved to ../models/260417_Aomodel_4dsim_V150_n6_FATHI-MRsignal_loss2/260417_Aomodel_4dsim_V150_n6_FATHI-MRsignal_loss2_FFN_1t_20260417-1630/checkpoints/260417_Aomodel_4dsim_V150_n6_FATHI-MRsignal_loss2_FFN_1t_it16000.pth
[Iteration 16050] total_loss=0.1067, data_loss=0.0842, ref_loss=0.1011, physics_loss=1.8066E-01, it_time=0.00721 s total_time=85.7 min
[Iteration 16100] total_loss=0.1096, data_loss=0.0868, ref_loss=0.1009, physics_loss=1.8497E-01, it_time=0.00719 s total_time=86.0 min
[Iteration 16150] total_loss=0.1112, data_loss=0.0887, ref_loss=0.1015, physics_loss=1.8196E-01, it_time=0.00721 s total_time=86.3 min
[Iteration 16200] total_loss=0.1111, data_loss=0.0882, ref_loss=0.1009, physics_loss=1.8474E-01, it_time=0.00722 s total_time=86.5 min
[Iteration 16250] total_loss=0.1106, data_loss=0.0883, ref_loss=0.1026, physics_loss=1.8241E-01, it_time=0.00718 s total_time=86.8 min
[Iteration 16300] total_loss=0.1094, data_loss=0.0861, ref_loss=0.0993, physics_loss=1.8924E-01, it_time=0.00744 s total_time=87.0 min
[Iteration 16350] total_loss=0.1103, data_loss=0.0872, ref_loss=0.0984, physics_loss=1.8592E-01, it_time=0.00724 s total_time=87.3 min
[Iteration 16400] total_loss=0.1100, data_loss=0.0869, ref_loss=0.0999, physics_loss=1.8747E-01, it_time=0.00722 s total_time=87.6 min
[Iteration 16450] total_loss=0.1095, data_loss=0.0866, ref_loss=0.1002, physics_loss=1.8260E-01, it_time=0.00717 s total_time=87.8 min
[Iteration 16500] total_loss=0.1103, data_loss=0.0874, ref_loss=0.1018, physics_loss=1.8568E-01, it_time=0.00719 s total_time=88.1 min
Total avg
Relative error [Fluid] 65.5
Relative error [Bound] 71.2
Relative error [Core] 63.3
Absolute error [Fluid] 0.1244
Absolute error [Bound] 0.1232
Absolute error [Core] 0.1249
Absolute error [Non-F] 0.0000
R.M.S.   error [Fluid] 0.1449
R.M.S.   error [Bound] 0.1451
R.M.S.   error [Core] 0.1432
R.M.S.   error [Non-F] 0.0000
[Iteration 16550] total_loss=0.1104, data_loss=0.0873, ref_loss=0.1013, physics_loss=1.8520E-01, it_time=0.00726 s total_time=88.4 min
[Iteration 16600] total_loss=0.1087, data_loss=0.0862, ref_loss=0.1004, physics_loss=1.8117E-01, it_time=0.00727 s total_time=88.7 min
[Iteration 16650] total_loss=0.1096, data_loss=0.0861, ref_loss=0.1011, physics_loss=1.8955E-01, it_time=0.00724 s total_time=88.9 min
[Iteration 16700] total_loss=0.1101, data_loss=0.0879, ref_loss=0.1003, physics_loss=1.7805E-01, it_time=0.00728 s total_time=89.2 min
[Iteration 16750] total_loss=0.1100, data_loss=0.0878, ref_loss=0.0994, physics_loss=1.7827E-01, it_time=0.00717 s total_time=89.5 min
[Iteration 16800] total_loss=0.1110, data_loss=0.0883, ref_loss=0.1014, physics_loss=1.8387E-01, it_time=0.00717 s total_time=89.7 min
[Iteration 16850] total_loss=0.1081, data_loss=0.0849, ref_loss=0.0991, physics_loss=1.8799E-01, it_time=0.00718 s total_time=90.0 min
[Iteration 16900] total_loss=0.1094, data_loss=0.0858, ref_loss=0.1011, physics_loss=1.9118E-01, it_time=0.00733 s total_time=90.2 min
[Iteration 16950] total_loss=0.1087, data_loss=0.0861, ref_loss=0.1007, physics_loss=1.8306E-01, it_time=0.00722 s total_time=90.5 min
[Iteration 17000] total_loss=0.1085, data_loss=0.0855, ref_loss=0.1004, physics_loss=1.8854E-01, it_time=0.00719 s total_time=90.8 min
Total avg
Relative error [Fluid] 65.5
Relative error [Bound] 71.2
Relative error [Core] 63.2
Absolute error [Fluid] 0.1241
Absolute error [Bound] 0.1231
Absolute error [Core] 0.1244
Absolute error [Non-F] 0.0000
R.M.S.   error [Fluid] 0.1446
R.M.S.   error [Bound] 0.1447
R.M.S.   error [Core] 0.1427
R.M.S.   error [Non-F] 0.0000
Checkpoint saved to ../models/260417_Aomodel_4dsim_V150_n6_FATHI-MRsignal_loss2/260417_Aomodel_4dsim_V150_n6_FATHI-MRsignal_loss2_FFN_1t_20260417-1630/checkpoints/260417_Aomodel_4dsim_V150_n6_FATHI-MRsignal_loss2_FFN_1t_it17000.pth
[Iteration 17050] total_loss=0.1080, data_loss=0.0860, ref_loss=0.1005, physics_loss=1.7891E-01, it_time=0.00717 s total_time=91.1 min
[Iteration 17100] total_loss=0.1106, data_loss=0.0881, ref_loss=0.1019, physics_loss=1.8286E-01, it_time=0.00723 s total_time=91.3 min
[Iteration 17150] total_loss=0.1096, data_loss=0.0864, ref_loss=0.1007, physics_loss=1.8736E-01, it_time=0.00728 s total_time=91.6 min
[Iteration 17200] total_loss=0.1094, data_loss=0.0861, ref_loss=0.1014, physics_loss=1.8899E-01, it_time=0.00723 s total_time=91.9 min
[Iteration 17250] total_loss=0.1095, data_loss=0.0866, ref_loss=0.1004, physics_loss=1.8573E-01, it_time=0.00734 s total_time=92.1 min
[Iteration 17300] total_loss=0.1096, data_loss=0.0864, ref_loss=0.1023, physics_loss=1.8792E-01, it_time=0.00722 s total_time=92.4 min
[Iteration 17350] total_loss=0.1088, data_loss=0.0861, ref_loss=0.1018, physics_loss=1.8366E-01, it_time=0.00744 s total_time=92.7 min
[Iteration 17400] total_loss=0.1102, data_loss=0.0876, ref_loss=0.1000, physics_loss=1.8339E-01, it_time=0.00724 s total_time=92.9 min
[Iteration 17450] total_loss=0.1094, data_loss=0.0866, ref_loss=0.1008, physics_loss=1.8487E-01, it_time=0.00721 s total_time=93.2 min
[Iteration 17500] total_loss=0.1099, data_loss=0.0874, ref_loss=0.1013, physics_loss=1.8044E-01, it_time=0.0072 s total_time=93.4 min
Total avg
Relative error [Fluid] 65.5
Relative error [Bound] 71.2
Relative error [Core] 63.2
Absolute error [Fluid] 0.1241
Absolute error [Bound] 0.1229
Absolute error [Core] 0.1245
Absolute error [Non-F] 0.0000
R.M.S.   error [Fluid] 0.1445
R.M.S.   error [Bound] 0.1444
R.M.S.   error [Core] 0.1428
R.M.S.   error [Non-F] 0.0000
[Iteration 17550] total_loss=0.1097, data_loss=0.0868, ref_loss=0.0996, physics_loss=1.8468E-01, it_time=0.00726 s total_time=93.7 min
[Iteration 17600] total_loss=0.1109, data_loss=0.0883, ref_loss=0.0995, physics_loss=1.8537E-01, it_time=0.0073 s total_time=94.0 min
[Iteration 17650] total_loss=0.1095, data_loss=0.0865, ref_loss=0.1025, physics_loss=1.8795E-01, it_time=0.00724 s total_time=94.3 min
[Iteration 17700] total_loss=0.1082, data_loss=0.0856, ref_loss=0.1010, physics_loss=1.8131E-01, it_time=0.0072 s total_time=94.5 min
[Iteration 17750] total_loss=0.1093, data_loss=0.0869, ref_loss=0.0993, physics_loss=1.7987E-01, it_time=0.00716 s total_time=94.8 min
[Iteration 17800] total_loss=0.1128, data_loss=0.0904, ref_loss=0.0996, physics_loss=1.8154E-01, it_time=0.00717 s total_time=95.1 min
[Iteration 17850] total_loss=0.1102, data_loss=0.0869, ref_loss=0.1005, physics_loss=1.8882E-01, it_time=0.00717 s total_time=95.3 min
[Iteration 17900] total_loss=0.1082, data_loss=0.0857, ref_loss=0.1010, physics_loss=1.8155E-01, it_time=0.00717 s total_time=95.6 min
[Iteration 17950] total_loss=0.1099, data_loss=0.0872, ref_loss=0.1006, physics_loss=1.8438E-01, it_time=0.00717 s total_time=95.9 min
[Iteration 18000] total_loss=0.1084, data_loss=0.0858, ref_loss=0.1017, physics_loss=1.8356E-01, it_time=0.00716 s total_time=96.1 min
Total avg
Relative error [Fluid] 65.4
Relative error [Bound] 71.1
Relative error [Core] 63.1
Absolute error [Fluid] 0.1237
Absolute error [Bound] 0.1228
Absolute error [Core] 0.1241
Absolute error [Non-F] 0.0000
R.M.S.   error [Fluid] 0.1442
R.M.S.   error [Bound] 0.1441
R.M.S.   error [Core] 0.1424
R.M.S.   error [Non-F] 0.0000
Checkpoint saved to ../models/260417_Aomodel_4dsim_V150_n6_FATHI-MRsignal_loss2/260417_Aomodel_4dsim_V150_n6_FATHI-MRsignal_loss2_FFN_1t_20260417-1630/checkpoints/260417_Aomodel_4dsim_V150_n6_FATHI-MRsignal_loss2_FFN_1t_it18000.pth
[Iteration 18050] total_loss=0.1088, data_loss=0.0865, ref_loss=0.1033, physics_loss=1.8167E-01, it_time=0.00719 s total_time=96.4 min
[Iteration 18100] total_loss=0.1113, data_loss=0.0886, ref_loss=0.1004, physics_loss=1.8355E-01, it_time=0.00719 s total_time=96.7 min
[Iteration 18150] total_loss=0.1108, data_loss=0.0877, ref_loss=0.1007, physics_loss=1.8772E-01, it_time=0.00716 s total_time=96.9 min
[Iteration 18200] total_loss=0.1088, data_loss=0.0857, ref_loss=0.1025, physics_loss=1.8828E-01, it_time=0.00717 s total_time=97.2 min
[Iteration 18250] total_loss=0.1105, data_loss=0.0876, ref_loss=0.0999, physics_loss=1.8506E-01, it_time=0.00718 s total_time=97.5 min
[Iteration 18300] total_loss=0.1078, data_loss=0.0853, ref_loss=0.1019, physics_loss=1.8346E-01, it_time=0.00718 s total_time=97.7 min
[Iteration 18350] total_loss=0.1108, data_loss=0.0882, ref_loss=0.0983, physics_loss=1.8365E-01, it_time=0.00718 s total_time=98.0 min
[Iteration 18400] total_loss=0.1100, data_loss=0.0873, ref_loss=0.1015, physics_loss=1.8295E-01, it_time=0.00723 s total_time=98.2 min
[Iteration 18450] total_loss=0.1098, data_loss=0.0873, ref_loss=0.1001, physics_loss=1.8294E-01, it_time=0.00721 s total_time=98.5 min
[Iteration 18500] total_loss=0.1083, data_loss=0.0857, ref_loss=0.0996, physics_loss=1.8377E-01, it_time=0.00727 s total_time=98.8 min
Total avg
Relative error [Fluid] 65.3
Relative error [Bound] 71.0
Relative error [Core] 63.0
Absolute error [Fluid] 0.1237
Absolute error [Bound] 0.1225
Absolute error [Core] 0.1241
Absolute error [Non-F] 0.0000
R.M.S.   error [Fluid] 0.1441
R.M.S.   error [Bound] 0.1438
R.M.S.   error [Core] 0.1424
R.M.S.   error [Non-F] 0.0000
[Iteration 18550] total_loss=0.1080, data_loss=0.0856, ref_loss=0.0997, physics_loss=1.8039E-01, it_time=0.00721 s total_time=99.1 min
[Iteration 18600] total_loss=0.1084, data_loss=0.0855, ref_loss=0.0971, physics_loss=1.8538E-01, it_time=0.00724 s total_time=99.3 min
[Iteration 18650] total_loss=0.1113, data_loss=0.0882, ref_loss=0.1000, physics_loss=1.8492E-01, it_time=0.00721 s total_time=99.6 min
[Iteration 18700] total_loss=0.1085, data_loss=0.0853, ref_loss=0.1002, physics_loss=1.8860E-01, it_time=0.00718 s total_time=99.9 min
[Iteration 18750] total_loss=0.1098, data_loss=0.0879, ref_loss=0.1017, physics_loss=1.7810E-01, it_time=0.00729 s total_time=100.1 min
[Iteration 18800] total_loss=0.1098, data_loss=0.0872, ref_loss=0.0990, physics_loss=1.8254E-01, it_time=0.00722 s total_time=100.4 min
[Iteration 18850] total_loss=0.1093, data_loss=0.0864, ref_loss=0.0986, physics_loss=1.8609E-01, it_time=0.00723 s total_time=100.6 min
[Iteration 18900] total_loss=0.1108, data_loss=0.0883, ref_loss=0.0994, physics_loss=1.8256E-01, it_time=0.0073 s total_time=100.9 min
[Iteration 18950] total_loss=0.1087, data_loss=0.0854, ref_loss=0.0975, physics_loss=1.8862E-01, it_time=0.00718 s total_time=101.2 min
[Iteration 19000] total_loss=0.1085, data_loss=0.0854, ref_loss=0.1004, physics_loss=1.8646E-01, it_time=0.00719 s total_time=101.4 min
Total avg
Relative error [Fluid] 65.3
Relative error [Bound] 71.0
Relative error [Core] 62.9
Absolute error [Fluid] 0.1235
Absolute error [Bound] 0.1224
Absolute error [Core] 0.1239
Absolute error [Non-F] 0.0000
R.M.S.   error [Fluid] 0.1438
R.M.S.   error [Bound] 0.1438
R.M.S.   error [Core] 0.1421
R.M.S.   error [Non-F] 0.0000
Checkpoint saved to ../models/260417_Aomodel_4dsim_V150_n6_FATHI-MRsignal_loss2/260417_Aomodel_4dsim_V150_n6_FATHI-MRsignal_loss2_FFN_1t_20260417-1630/checkpoints/260417_Aomodel_4dsim_V150_n6_FATHI-MRsignal_loss2_FFN_1t_it19000.pth
[Iteration 19050] total_loss=0.1089, data_loss=0.0861, ref_loss=0.0982, physics_loss=1.8513E-01, it_time=0.00724 s total_time=101.7 min
[Iteration 19100] total_loss=0.1092, data_loss=0.0860, ref_loss=0.0988, physics_loss=1.8433E-01, it_time=0.00725 s total_time=102.0 min
[Iteration 19150] total_loss=0.1083, data_loss=0.0850, ref_loss=0.1025, physics_loss=1.8994E-01, it_time=0.00725 s total_time=102.3 min
[Iteration 19200] total_loss=0.1086, data_loss=0.0862, ref_loss=0.0995, physics_loss=1.8330E-01, it_time=0.00717 s total_time=102.5 min
[Iteration 19250] total_loss=0.1089, data_loss=0.0862, ref_loss=0.0988, physics_loss=1.8202E-01, it_time=0.00721 s total_time=102.8 min
[Iteration 19300] total_loss=0.1075, data_loss=0.0850, ref_loss=0.0999, physics_loss=1.8014E-01, it_time=0.00719 s total_time=103.1 min
[Iteration 19350] total_loss=0.1091, data_loss=0.0866, ref_loss=0.0984, physics_loss=1.8055E-01, it_time=0.00717 s total_time=103.3 min
[Iteration 19400] total_loss=0.1090, data_loss=0.0865, ref_loss=0.1009, physics_loss=1.8117E-01, it_time=0.0072 s total_time=103.6 min
[Iteration 19450] total_loss=0.1097, data_loss=0.0870, ref_loss=0.0999, physics_loss=1.8218E-01, it_time=0.0072 s total_time=103.8 min
[Iteration 19500] total_loss=0.1108, data_loss=0.0875, ref_loss=0.1006, physics_loss=1.8914E-01, it_time=0.00717 s total_time=104.1 min
Total avg
Relative error [Fluid] 65.3
Relative error [Bound] 71.1
Relative error [Core] 63.0
Absolute error [Fluid] 0.1236
Absolute error [Bound] 0.1227
Absolute error [Core] 0.1239
Absolute error [Non-F] 0.0000
R.M.S.   error [Fluid] 0.1441
R.M.S.   error [Bound] 0.1442
R.M.S.   error [Core] 0.1422
R.M.S.   error [Non-F] 0.0000
[Iteration 19550] total_loss=0.1103, data_loss=0.0871, ref_loss=0.1004, physics_loss=1.8513E-01, it_time=0.0072 s total_time=104.4 min
[Iteration 19600] total_loss=0.1086, data_loss=0.0858, ref_loss=0.0983, physics_loss=1.8587E-01, it_time=0.00719 s total_time=104.7 min
[Iteration 19650] total_loss=0.1079, data_loss=0.0849, ref_loss=0.0998, physics_loss=1.8730E-01, it_time=0.00719 s total_time=104.9 min
[Iteration 19700] total_loss=0.1095, data_loss=0.0865, ref_loss=0.0987, physics_loss=1.8423E-01, it_time=0.00718 s total_time=105.2 min
[Iteration 19750] total_loss=0.1091, data_loss=0.0860, ref_loss=0.1036, physics_loss=1.8585E-01, it_time=0.00716 s total_time=105.5 min
[Iteration 19800] total_loss=0.1080, data_loss=0.0856, ref_loss=0.0987, physics_loss=1.8201E-01, it_time=0.0072 s total_time=105.7 min
[Iteration 19850] total_loss=0.1071, data_loss=0.0851, ref_loss=0.0974, physics_loss=1.7916E-01, it_time=0.00721 s total_time=106.0 min
[Iteration 19900] total_loss=0.1112, data_loss=0.0880, ref_loss=0.0996, physics_loss=1.8978E-01, it_time=0.00716 s total_time=106.2 min
[Iteration 19950] total_loss=0.1099, data_loss=0.0875, ref_loss=0.0992, physics_loss=1.8254E-01, it_time=0.00717 s total_time=106.5 min
[Iteration 20000] total_loss=0.1086, data_loss=0.0863, ref_loss=0.1018, physics_loss=1.7991E-01, it_time=0.00719 s total_time=106.8 min
Total avg
Relative error [Fluid] 65.3
Relative error [Bound] 71.0
Relative error [Core] 63.0
Absolute error [Fluid] 0.1235
Absolute error [Bound] 0.1221
Absolute error [Core] 0.1241
Absolute error [Non-F] 0.0000
R.M.S.   error [Fluid] 0.1438
R.M.S.   error [Bound] 0.1434
R.M.S.   error [Core] 0.1422
R.M.S.   error [Non-F] 0.0000
Checkpoint saved to ../models/260417_Aomodel_4dsim_V150_n6_FATHI-MRsignal_loss2/260417_Aomodel_4dsim_V150_n6_FATHI-MRsignal_loss2_FFN_1t_20260417-1630/checkpoints/260417_Aomodel_4dsim_V150_n6_FATHI-MRsignal_loss2_FFN_1t_it20000.pth
[Iteration 20050] total_loss=0.1104, data_loss=0.0867, ref_loss=0.0985, physics_loss=1.8976E-01, it_time=0.00725 s total_time=107.1 min
[Iteration 20100] total_loss=0.1093, data_loss=0.0867, ref_loss=0.1030, physics_loss=1.8193E-01, it_time=0.00726 s total_time=107.3 min
[Iteration 20150] total_loss=0.1083, data_loss=0.0859, ref_loss=0.1018, physics_loss=1.8308E-01, it_time=0.0072 s total_time=107.6 min
[Iteration 20200] total_loss=0.1106, data_loss=0.0878, ref_loss=0.0987, physics_loss=1.8796E-01, it_time=0.00723 s total_time=107.9 min
[Iteration 20250] total_loss=0.1088, data_loss=0.0865, ref_loss=0.0990, physics_loss=1.7879E-01, it_time=0.00723 s total_time=108.1 min
[Iteration 20300] total_loss=0.1088, data_loss=0.0859, ref_loss=0.0978, physics_loss=1.8751E-01, it_time=0.0072 s total_time=108.4 min
[Iteration 20350] total_loss=0.1090, data_loss=0.0863, ref_loss=0.1001, physics_loss=1.8532E-01, it_time=0.00719 s total_time=108.6 min
[Iteration 20400] total_loss=0.1108, data_loss=0.0880, ref_loss=0.1010, physics_loss=1.8513E-01, it_time=0.00723 s total_time=108.9 min
[Iteration 20450] total_loss=0.1094, data_loss=0.0866, ref_loss=0.1012, physics_loss=1.8418E-01, it_time=0.00721 s total_time=109.2 min
[Iteration 20500] total_loss=0.1083, data_loss=0.0853, ref_loss=0.0980, physics_loss=1.8468E-01, it_time=0.00719 s total_time=109.4 min
Total avg
Relative error [Fluid] 65.2
Relative error [Bound] 70.9
Relative error [Core] 62.9
Absolute error [Fluid] 0.1233
Absolute error [Bound] 0.1220
Absolute error [Core] 0.1237
Absolute error [Non-F] 0.0000
R.M.S.   error [Fluid] 0.1436
R.M.S.   error [Bound] 0.1432
R.M.S.   error [Core] 0.1420
R.M.S.   error [Non-F] 0.0000
[Iteration 20550] total_loss=0.1070, data_loss=0.0849, ref_loss=0.0979, physics_loss=1.7813E-01, it_time=0.00726 s total_time=109.7 min
[Iteration 20600] total_loss=0.1093, data_loss=0.0864, ref_loss=0.0985, physics_loss=1.8643E-01, it_time=0.00719 s total_time=110.0 min
[Iteration 20650] total_loss=0.1082, data_loss=0.0855, ref_loss=0.0983, physics_loss=1.8627E-01, it_time=0.00726 s total_time=110.3 min
[Iteration 20700] total_loss=0.1099, data_loss=0.0875, ref_loss=0.0992, physics_loss=1.8146E-01, it_time=0.00726 s total_time=110.5 min
[Iteration 20750] total_loss=0.1081, data_loss=0.0856, ref_loss=0.0995, physics_loss=1.8182E-01, it_time=0.0072 s total_time=110.8 min
[Iteration 20800] total_loss=0.1081, data_loss=0.0856, ref_loss=0.1004, physics_loss=1.8082E-01, it_time=0.00721 s total_time=111.0 min
[Iteration 20850] total_loss=0.1093, data_loss=0.0862, ref_loss=0.0991, physics_loss=1.8781E-01, it_time=0.00717 s total_time=111.3 min
[Iteration 20900] total_loss=0.1083, data_loss=0.0851, ref_loss=0.1018, physics_loss=1.8789E-01, it_time=0.00717 s total_time=111.6 min
[Iteration 20950] total_loss=0.1078, data_loss=0.0850, ref_loss=0.0984, physics_loss=1.8491E-01, it_time=0.00718 s total_time=111.8 min
[Iteration 21000] total_loss=0.1105, data_loss=0.0874, ref_loss=0.1024, physics_loss=1.8728E-01, it_time=0.0072 s total_time=112.1 min
Total avg
Relative error [Fluid] 65.2
Relative error [Bound] 70.9
Relative error [Core] 62.8
Absolute error [Fluid] 0.1233
Absolute error [Bound] 0.1220
Absolute error [Core] 0.1238
Absolute error [Non-F] 0.0000
R.M.S.   error [Fluid] 0.1436
R.M.S.   error [Bound] 0.1433
R.M.S.   error [Core] 0.1420
R.M.S.   error [Non-F] 0.0000
Checkpoint saved to ../models/260417_Aomodel_4dsim_V150_n6_FATHI-MRsignal_loss2/260417_Aomodel_4dsim_V150_n6_FATHI-MRsignal_loss2_FFN_1t_20260417-1630/checkpoints/260417_Aomodel_4dsim_V150_n6_FATHI-MRsignal_loss2_FFN_1t_it21000.pth
[Iteration 21050] total_loss=0.1065, data_loss=0.0838, ref_loss=0.0976, physics_loss=1.8320E-01, it_time=0.00726 s total_time=112.4 min
[Iteration 21100] total_loss=0.1110, data_loss=0.0881, ref_loss=0.0992, physics_loss=1.8354E-01, it_time=0.00726 s total_time=112.7 min
[Iteration 21150] total_loss=0.1087, data_loss=0.0862, ref_loss=0.0984, physics_loss=1.8038E-01, it_time=0.00728 s total_time=112.9 min
[Iteration 21200] total_loss=0.1087, data_loss=0.0858, ref_loss=0.0991, physics_loss=1.8658E-01, it_time=0.00722 s total_time=113.2 min
[Iteration 21250] total_loss=0.1101, data_loss=0.0879, ref_loss=0.1003, physics_loss=1.7988E-01, it_time=0.00721 s total_time=113.5 min
[Iteration 21300] total_loss=0.1094, data_loss=0.0867, ref_loss=0.0983, physics_loss=1.8396E-01, it_time=0.00719 s total_time=113.7 min
[Iteration 21350] total_loss=0.1096, data_loss=0.0863, ref_loss=0.1009, physics_loss=1.8604E-01, it_time=0.00721 s total_time=114.0 min
[Iteration 21400] total_loss=0.1074, data_loss=0.0849, ref_loss=0.0988, physics_loss=1.8075E-01, it_time=0.00736 s total_time=114.3 min
[Iteration 21450] total_loss=0.1102, data_loss=0.0873, ref_loss=0.1001, physics_loss=1.8390E-01, it_time=0.0072 s total_time=114.5 min
[Iteration 21500] total_loss=0.1077, data_loss=0.0852, ref_loss=0.0990, physics_loss=1.8379E-01, it_time=0.00724 s total_time=114.8 min
Total avg
Relative error [Fluid] 65.1
Relative error [Bound] 70.9
Relative error [Core] 62.8
Absolute error [Fluid] 0.1232
Absolute error [Bound] 0.1217
Absolute error [Core] 0.1238
Absolute error [Non-F] 0.0000
R.M.S.   error [Fluid] 0.1435
R.M.S.   error [Bound] 0.1429
R.M.S.   error [Core] 0.1420
R.M.S.   error [Non-F] 0.0000
[Iteration 21550] total_loss=0.1097, data_loss=0.0873, ref_loss=0.0990, physics_loss=1.8202E-01, it_time=0.00729 s total_time=115.1 min
[Iteration 21600] total_loss=0.1072, data_loss=0.0848, ref_loss=0.1001, physics_loss=1.8449E-01, it_time=0.00723 s total_time=115.3 min
[Iteration 21650] total_loss=0.1101, data_loss=0.0875, ref_loss=0.1006, physics_loss=1.8253E-01, it_time=0.00734 s total_time=115.6 min
[Iteration 21700] total_loss=0.1091, data_loss=0.0864, ref_loss=0.0988, physics_loss=1.8326E-01, it_time=0.00727 s total_time=115.9 min
[Iteration 21750] total_loss=0.1086, data_loss=0.0861, ref_loss=0.0999, physics_loss=1.8163E-01, it_time=0.00719 s total_time=116.1 min
[Iteration 21800] total_loss=0.1085, data_loss=0.0860, ref_loss=0.0993, physics_loss=1.8491E-01, it_time=0.00728 s total_time=116.4 min
[Iteration 21850] total_loss=0.1082, data_loss=0.0861, ref_loss=0.0989, physics_loss=1.7812E-01, it_time=0.00717 s total_time=116.7 min
[Iteration 21900] total_loss=0.1116, data_loss=0.0892, ref_loss=0.0972, physics_loss=1.8077E-01, it_time=0.00719 s total_time=116.9 min
[Iteration 21950] total_loss=0.1102, data_loss=0.0869, ref_loss=0.0997, physics_loss=1.8872E-01, it_time=0.00718 s total_time=117.2 min
[Iteration 22000] total_loss=0.1076, data_loss=0.0849, ref_loss=0.0987, physics_loss=1.8507E-01, it_time=0.00717 s total_time=117.4 min
Total avg
Relative error [Fluid] 65.1
Relative error [Bound] 70.9
Relative error [Core] 62.8
Absolute error [Fluid] 0.1231
Absolute error [Bound] 0.1219
Absolute error [Core] 0.1235
Absolute error [Non-F] 0.0000
R.M.S.   error [Fluid] 0.1434
R.M.S.   error [Bound] 0.1432
R.M.S.   error [Core] 0.1417
R.M.S.   error [Non-F] 0.0000
Checkpoint saved to ../models/260417_Aomodel_4dsim_V150_n6_FATHI-MRsignal_loss2/260417_Aomodel_4dsim_V150_n6_FATHI-MRsignal_loss2_FFN_1t_20260417-1630/checkpoints/260417_Aomodel_4dsim_V150_n6_FATHI-MRsignal_loss2_FFN_1t_it22000.pth
[Iteration 22050] total_loss=0.1114, data_loss=0.0889, ref_loss=0.0994, physics_loss=1.8358E-01, it_time=0.00722 s total_time=117.7 min
[Iteration 22100] total_loss=0.1083, data_loss=0.0857, ref_loss=0.0992, physics_loss=1.8380E-01, it_time=0.00725 s total_time=118.0 min
[Iteration 22150] total_loss=0.1078, data_loss=0.0850, ref_loss=0.1017, physics_loss=1.8486E-01, it_time=0.00725 s total_time=118.3 min
[Iteration 22200] total_loss=0.1085, data_loss=0.0860, ref_loss=0.0996, physics_loss=1.8402E-01, it_time=0.00718 s total_time=118.5 min
[Iteration 22250] total_loss=0.1074, data_loss=0.0850, ref_loss=0.0994, physics_loss=1.8176E-01, it_time=0.00717 s total_time=118.8 min
[Iteration 22300] total_loss=0.1076, data_loss=0.0857, ref_loss=0.0983, physics_loss=1.7929E-01, it_time=0.0072 s total_time=119.1 min
[Iteration 22350] total_loss=0.1094, data_loss=0.0869, ref_loss=0.1001, physics_loss=1.8453E-01, it_time=0.00718 s total_time=119.3 min
[Iteration 22400] total_loss=0.1086, data_loss=0.0863, ref_loss=0.0988, physics_loss=1.8233E-01, it_time=0.00718 s total_time=119.6 min
[Iteration 22450] total_loss=0.1091, data_loss=0.0865, ref_loss=0.1005, physics_loss=1.8317E-01, it_time=0.00719 s total_time=119.8 min
[Iteration 22500] total_loss=0.1082, data_loss=0.0854, ref_loss=0.1021, physics_loss=1.8527E-01, it_time=0.00719 s total_time=120.1 min
Total avg
Relative error [Fluid] 65.1
Relative error [Bound] 70.9
Relative error [Core] 62.8
Absolute error [Fluid] 0.1232
Absolute error [Bound] 0.1219
Absolute error [Core] 0.1238
Absolute error [Non-F] 0.0000
R.M.S.   error [Fluid] 0.1435
R.M.S.   error [Bound] 0.1432
R.M.S.   error [Core] 0.1419
R.M.S.   error [Non-F] 0.0000
[Iteration 22550] total_loss=0.1077, data_loss=0.0850, ref_loss=0.0999, physics_loss=1.8541E-01, it_time=0.00713 s total_time=120.4 min
[Iteration 22600] total_loss=0.1103, data_loss=0.0878, ref_loss=0.0994, physics_loss=1.8462E-01, it_time=0.00711 s total_time=120.7 min
[Iteration 22650] total_loss=0.1079, data_loss=0.0851, ref_loss=0.0989, physics_loss=1.8409E-01, it_time=0.00712 s total_time=120.9 min
[Iteration 22700] total_loss=0.1084, data_loss=0.0858, ref_loss=0.0995, physics_loss=1.8333E-01, it_time=0.00713 s total_time=121.2 min
[Iteration 22750] total_loss=0.1069, data_loss=0.0848, ref_loss=0.1002, physics_loss=1.7963E-01, it_time=0.00749 s total_time=121.4 min
[Iteration 22800] total_loss=0.1086, data_loss=0.0859, ref_loss=0.1018, physics_loss=1.8455E-01, it_time=0.00736 s total_time=121.7 min
[Iteration 22850] total_loss=0.1090, data_loss=0.0863, ref_loss=0.1019, physics_loss=1.8512E-01, it_time=0.0074 s total_time=122.0 min
[Iteration 22900] total_loss=0.1088, data_loss=0.0857, ref_loss=0.0985, physics_loss=1.8846E-01, it_time=0.00739 s total_time=122.2 min
[Iteration 22950] total_loss=0.1087, data_loss=0.0854, ref_loss=0.0996, physics_loss=1.8905E-01, it_time=0.00741 s total_time=122.5 min
[Iteration 23000] total_loss=0.1085, data_loss=0.0859, ref_loss=0.0998, physics_loss=1.8486E-01, it_time=0.00739 s total_time=122.8 min
Total avg
Relative error [Fluid] 65.1
Relative error [Bound] 70.9
Relative error [Core] 62.8
Absolute error [Fluid] 0.1231
Absolute error [Bound] 0.1218
Absolute error [Core] 0.1236
Absolute error [Non-F] 0.0000
R.M.S.   error [Fluid] 0.1434
R.M.S.   error [Bound] 0.1432
R.M.S.   error [Core] 0.1418
R.M.S.   error [Non-F] 0.0000
Checkpoint saved to ../models/260417_Aomodel_4dsim_V150_n6_FATHI-MRsignal_loss2/260417_Aomodel_4dsim_V150_n6_FATHI-MRsignal_loss2_FFN_1t_20260417-1630/checkpoints/260417_Aomodel_4dsim_V150_n6_FATHI-MRsignal_loss2_FFN_1t_it23000.pth
[Iteration 23050] total_loss=0.1095, data_loss=0.0870, ref_loss=0.0999, physics_loss=1.8486E-01, it_time=0.00739 s total_time=123.1 min
[Iteration 23100] total_loss=0.1095, data_loss=0.0867, ref_loss=0.0968, physics_loss=1.8361E-01, it_time=0.00739 s total_time=123.4 min
[Iteration 23150] total_loss=0.1075, data_loss=0.0851, ref_loss=0.0990, physics_loss=1.8129E-01, it_time=0.00753 s total_time=123.6 min
[Iteration 23200] total_loss=0.1083, data_loss=0.0855, ref_loss=0.0962, physics_loss=1.8627E-01, it_time=0.00786 s total_time=123.9 min
[Iteration 23250] total_loss=0.1080, data_loss=0.0858, ref_loss=0.0999, physics_loss=1.8183E-01, it_time=0.0076 s total_time=124.2 min
[Iteration 23300] total_loss=0.1085, data_loss=0.0861, ref_loss=0.1000, physics_loss=1.8183E-01, it_time=0.00741 s total_time=124.4 min
[Iteration 23350] total_loss=0.1084, data_loss=0.0856, ref_loss=0.1007, physics_loss=1.8556E-01, it_time=0.00741 s total_time=124.7 min
[Iteration 23400] total_loss=0.1082, data_loss=0.0862, ref_loss=0.0985, physics_loss=1.7845E-01, it_time=0.00752 s total_time=125.0 min
[Iteration 23450] total_loss=0.1071, data_loss=0.0846, ref_loss=0.0976, physics_loss=1.8328E-01, it_time=0.00739 s total_time=125.2 min
[Iteration 23500] total_loss=0.1088, data_loss=0.0855, ref_loss=0.0977, physics_loss=1.8940E-01, it_time=0.0074 s total_time=125.5 min
Total avg
Relative error [Fluid] 65.1
Relative error [Bound] 70.8
Relative error [Core] 62.7
Absolute error [Fluid] 0.1230
Absolute error [Bound] 0.1216
Absolute error [Core] 0.1236
Absolute error [Non-F] 0.0000
R.M.S.   error [Fluid] 0.1432
R.M.S.   error [Bound] 0.1428
R.M.S.   error [Core] 0.1417
R.M.S.   error [Non-F] 0.0000
[Iteration 23550] total_loss=0.1083, data_loss=0.0859, ref_loss=0.0997, physics_loss=1.8187E-01, it_time=0.00738 s total_time=125.8 min
[Iteration 23600] total_loss=0.1081, data_loss=0.0854, ref_loss=0.0985, physics_loss=1.8204E-01, it_time=0.00738 s total_time=126.1 min
[Iteration 23650] total_loss=0.1103, data_loss=0.0877, ref_loss=0.1002, physics_loss=1.8533E-01, it_time=0.00775 s total_time=126.3 min
[Iteration 23700] total_loss=0.1095, data_loss=0.0870, ref_loss=0.1002, physics_loss=1.8185E-01, it_time=0.00716 s total_time=126.6 min
[Iteration 23750] total_loss=0.1085, data_loss=0.0865, ref_loss=0.1001, physics_loss=1.8009E-01, it_time=0.00719 s total_time=126.9 min
[Iteration 23800] total_loss=0.1089, data_loss=0.0863, ref_loss=0.0993, physics_loss=1.8562E-01, it_time=0.00718 s total_time=127.1 min
[Iteration 23850] total_loss=0.1087, data_loss=0.0862, ref_loss=0.0998, physics_loss=1.8245E-01, it_time=0.00741 s total_time=127.4 min
[Iteration 23900] total_loss=0.1083, data_loss=0.0858, ref_loss=0.0988, physics_loss=1.8251E-01, it_time=0.00756 s total_time=127.7 min
[Iteration 23950] total_loss=0.1110, data_loss=0.0879, ref_loss=0.1012, physics_loss=1.8803E-01, it_time=0.00746 s total_time=127.9 min
[Iteration 24000] total_loss=0.1089, data_loss=0.0863, ref_loss=0.0992, physics_loss=1.8478E-01, it_time=0.00814 s total_time=128.2 min
Total avg
Relative error [Fluid] 65.0
Relative error [Bound] 70.8
Relative error [Core] 62.7
Absolute error [Fluid] 0.1227
Absolute error [Bound] 0.1214
Absolute error [Core] 0.1233
Absolute error [Non-F] 0.0000
R.M.S.   error [Fluid] 0.1430
R.M.S.   error [Bound] 0.1424
R.M.S.   error [Core] 0.1414
R.M.S.   error [Non-F] 0.0000
Checkpoint saved to ../models/260417_Aomodel_4dsim_V150_n6_FATHI-MRsignal_loss2/260417_Aomodel_4dsim_V150_n6_FATHI-MRsignal_loss2_FFN_1t_20260417-1630/checkpoints/260417_Aomodel_4dsim_V150_n6_FATHI-MRsignal_loss2_FFN_1t_it24000.pth
[Iteration 24050] total_loss=0.1078, data_loss=0.0857, ref_loss=0.0979, physics_loss=1.7919E-01, it_time=0.00789 s total_time=128.5 min
[Iteration 24100] total_loss=0.1098, data_loss=0.0871, ref_loss=0.0988, physics_loss=1.8375E-01, it_time=0.00791 s total_time=128.8 min
[Iteration 24150] total_loss=0.1083, data_loss=0.0857, ref_loss=0.1006, physics_loss=1.8258E-01, it_time=0.00736 s total_time=129.1 min
[Iteration 24200] total_loss=0.1098, data_loss=0.0869, ref_loss=0.0989, physics_loss=1.8654E-01, it_time=0.00741 s total_time=129.3 min
[Iteration 24250] total_loss=0.1078, data_loss=0.0849, ref_loss=0.0974, physics_loss=1.8773E-01, it_time=0.00743 s total_time=129.6 min
[Iteration 24300] total_loss=0.1062, data_loss=0.0839, ref_loss=0.0971, physics_loss=1.8173E-01, it_time=0.00752 s total_time=129.9 min
[Iteration 24350] total_loss=0.1093, data_loss=0.0862, ref_loss=0.1004, physics_loss=1.8639E-01, it_time=0.00743 s total_time=130.1 min
[Iteration 24400] total_loss=0.1075, data_loss=0.0849, ref_loss=0.0999, physics_loss=1.8306E-01, it_time=0.00738 s total_time=130.4 min
[Iteration 24450] total_loss=0.1074, data_loss=0.0849, ref_loss=0.0973, physics_loss=1.8235E-01, it_time=0.00739 s total_time=130.7 min
[Iteration 24500] total_loss=0.1096, data_loss=0.0870, ref_loss=0.1002, physics_loss=1.8536E-01, it_time=0.00765 s total_time=130.9 min
Total avg
Relative error [Fluid] 64.9
Relative error [Bound] 70.7
Relative error [Core] 62.6
Absolute error [Fluid] 0.1227
Absolute error [Bound] 0.1213
Absolute error [Core] 0.1233
Absolute error [Non-F] 0.0000
R.M.S.   error [Fluid] 0.1429
R.M.S.   error [Bound] 0.1423
R.M.S.   error [Core] 0.1414
R.M.S.   error [Non-F] 0.0000
[Iteration 24550] total_loss=0.1085, data_loss=0.0851, ref_loss=0.1003, physics_loss=1.9087E-01, it_time=0.00742 s total_time=131.2 min
[Iteration 24600] total_loss=0.1073, data_loss=0.0853, ref_loss=0.1004, physics_loss=1.7730E-01, it_time=0.00741 s total_time=131.5 min
[Iteration 24650] total_loss=0.1093, data_loss=0.0871, ref_loss=0.0981, physics_loss=1.8159E-01, it_time=0.00739 s total_time=131.8 min
[Iteration 24700] total_loss=0.1069, data_loss=0.0843, ref_loss=0.0975, physics_loss=1.8264E-01, it_time=0.00752 s total_time=132.0 min
[Iteration 24750] total_loss=0.1069, data_loss=0.0842, ref_loss=0.1018, physics_loss=1.8701E-01, it_time=0.00753 s total_time=132.3 min
[Iteration 24800] total_loss=0.1087, data_loss=0.0859, ref_loss=0.0988, physics_loss=1.8500E-01, it_time=0.00762 s total_time=132.6 min
[Iteration 24850] total_loss=0.1096, data_loss=0.0870, ref_loss=0.0988, physics_loss=1.8418E-01, it_time=0.00738 s total_time=132.8 min
[Iteration 24900] total_loss=0.1070, data_loss=0.0847, ref_loss=0.0981, physics_loss=1.8218E-01, it_time=0.00756 s total_time=133.1 min
[Iteration 24950] total_loss=0.1088, data_loss=0.0861, ref_loss=0.0969, physics_loss=1.8604E-01, it_time=0.00775 s total_time=133.4 min
[Iteration 25000] total_loss=0.1067, data_loss=0.0844, ref_loss=0.1006, physics_loss=1.8137E-01, it_time=0.00741 s total_time=133.6 min
Total avg
Relative error [Fluid] 64.9
Relative error [Bound] 70.8
Relative error [Core] 62.6
Absolute error [Fluid] 0.1229
Absolute error [Bound] 0.1214
Absolute error [Core] 0.1235
Absolute error [Non-F] 0.0000
R.M.S.   error [Fluid] 0.1431
R.M.S.   error [Bound] 0.1427
R.M.S.   error [Core] 0.1417
R.M.S.   error [Non-F] 0.0000
Checkpoint saved to ../models/260417_Aomodel_4dsim_V150_n6_FATHI-MRsignal_loss2/260417_Aomodel_4dsim_V150_n6_FATHI-MRsignal_loss2_FFN_1t_20260417-1630/checkpoints/260417_Aomodel_4dsim_V150_n6_FATHI-MRsignal_loss2_FFN_1t_it25000.pth
Final model saved to ../models/260417_Aomodel_4dsim_V150_n6_FATHI-MRsignal_loss2/260417_Aomodel_4dsim_V150_n6_FATHI-MRsignal_loss2_FFN_1t_20260417-1630/260417_Aomodel_4dsim_V150_n6_FATHI-MRsignal_loss2_FFN_1t_final.pth
