wandb: Agent Starting Run: k514kxt4 with config:
wandb: 	fourier_scale: 4
wandb: Currently logged in as: javierbz to https://api.wandb.ai. Use `wandb login --relogin` to force relogin
wandb: WARNING Ignoring project 'SRFlowNIR' when running a sweep.
wandb: Using wandb-core as the SDK backend.  Please refer to https://wandb.me/wandb-core for more information.
wandb: Tracking run with wandb version 0.19.5
wandb: Run data is saved locally in /proj/multipress/users/x_javbi/SRFLOW2/SRFlowNIR/src/wandb/run-20250213_131909-k514kxt4
wandb: Run `wandb offline` to turn off syncing.
wandb: Syncing run unique-sweep-1
wandb: ⭐️ View project at https://wandb.ai/javierbz/SRFlowNIR
wandb: 🧹 View sweep at https://wandb.ai/javierbz/SRFlowNIR/sweeps/m67ssd03
wandb: 🚀 View run at https://wandb.ai/javierbz/SRFlowNIR/runs/k514kxt4
wandb:                                                                                
wandb: 
wandb: Run history:
wandb:     Directional error [Fluid] ████████▁▁▁▁▁▁▁▁▁▁▁▁▁▁▁▁▁▁▁▁▁▁▁▁▁▁▁▁▁▁▁▁
wandb:     Directional error [Noisy] ▁
wandb:            Divergence [Noisy] ▁
wandb: Divergence prediction [Fluid] █████████▁▁▁▁▁▁▁▁▁▁▁▁▁▁▁▁▁▁▁▁▁▁▁▁▁▁▁▁▁▁▁
wandb:  Divergence reference [Fluid] ▁▁▁▁▁▁▁▁▁▁▁▁▁▁▁▁▁▁▁▁▁▁▁▁▁▁▁▁▁▁▁▁▁▁▁▁▁▁▁▁
wandb:                 Loss/Boundary ▁▃▇▇██████████████████▇▇▇▇▇▇▇▇▇▇▇▇▇▇▇▇▇▇
wandb:                     Loss/Data █▆▅▄▃▁▁▁▁▁▁▁▁▁▁▁▁▁▁▁▁▁▁▁▁▁▁▁▁▁▁▁▁▁▁▁▁▁▁▁
wandb:               Loss/Divergence ▁▁▁▁▁▁▁▁▁▁▁▁▁▁▁▁▁▁▁▁▁▁▁▁▁▁▁▁▁▁▁▁▁▁▁▁▁▁▁▁
wandb:          Loss/Divergence_data ▁▁▁▁▁▁▁▁▁▁▁▁▁▁▁▁▁▁▁▁▁▁▁▁▁▁▁▁▁▁▁▁▁▁▁▁▁▁▁▁
wandb:                 Loss/Momentum ▁▁▁▁▁▁▁▁▁▁▁▁▁▁▁▁▁▁▁▁▁▁▁▁▁▁▁▁▁▁▁▁▁▁▁▁▁▁▁▁
wandb:            Loss/Momentum_data ▁▁▁▁▁▁▁▁▁▁▁▁▁▁▁▁▁▁▁▁▁▁▁▁▁▁▁▁▁▁▁▁▁▁▁▁▁▁▁▁
wandb:                  Loss/Physics ▁▁▁▁▁▁▁▁▁▁▁▁▁▁▁▁▁▁▁▁▁▁▁▁▁▁▁▁▁▁▁▁▁▁▁▁▁▁▁▁
wandb:             Loss/Physics_data ▁▁▁▁▁▁▁▁▁▁▁▁▁▁▁▁▁▁▁▁▁▁▁▁▁▁▁▁▁▁▁▁▁▁▁▁▁▁▁▁
wandb:                      Loss/Ref █▃▃▃▂▂▂▂▂▂▁▁▁▁▁▁▁▁▁▁▁▁▁▁▁▁▁▁▁▁▁▁▁▁▁▁▁▁▁▁
wandb:                    Loss/Train █▄▄▂▂▁▂▁▁▁▁▁▁▁▁▁▁▁▁▁▁▁▁▁▁▁▁▁▁▁▁▁▁▁▁▁▁▁▁▁
wandb:                VNRMSE [Fluid] █████████▁▁▁▁▁▁▁▁▁▁▁▁▁▁▁▁▁▁▁▁▁▁▁▁▁▁▁▁▁▁▁
wandb:                VNRMSE [Noisy] ▁
wandb: 
wandb: Run summary:
wandb:     Directional error [Fluid] 0.0707
wandb:     Directional error [Noisy] 0.00012
wandb:            Divergence [Noisy] 0.0355
wandb: Divergence prediction [Fluid] 0.01147
wandb:  Divergence reference [Fluid] 0.0355
wandb:                 Loss/Boundary 2e-05
wandb:                     Loss/Data 0.00285
wandb:               Loss/Divergence 0
wandb:          Loss/Divergence_data 0
wandb:                 Loss/Momentum 0
wandb:            Loss/Momentum_data 0
wandb:                  Loss/Physics 0
wandb:             Loss/Physics_data 0
wandb:                      Loss/Ref 0.00223
wandb:                    Loss/Train 0.00288
wandb:                VNRMSE [Fluid] 0.02759
wandb:                VNRMSE [Noisy] 0
wandb: 
wandb: 🚀 View run decent-sweep-25 at: https://wandb.ai/javierbz/SRFlowNIR/runs/houm818b
wandb: ⭐️ View project at: https://wandb.ai/javierbz/SRFlowNIR
wandb: Synced 5 W&B file(s), 0 media file(s), 0 artifact file(s) and 0 other file(s)
wandb: Find logs at: ./wandb/run-20250213_131755-houm818b/logs
wandb: Agent Starting Run: 4ykesu44 with config:
wandb: 	fourier_scale: 9
wandb: WARNING Ignoring project 'SRFlowNIR' when running a sweep.
wandb: Tracking run with wandb version 0.19.5
wandb: Run data is saved locally in /proj/multipress/users/x_javbi/SRFLOW2/SRFlowNIR/src/wandb/run-20250213_132336-4ykesu44
wandb: Run `wandb offline` to turn off syncing.
wandb: Syncing run whole-sweep-26
wandb: ⭐️ View project at https://wandb.ai/javierbz/SRFlowNIR
wandb: 🧹 View sweep at https://wandb.ai/javierbz/SRFlowNIR/sweeps/083flsnd
wandb: 🚀 View run at https://wandb.ai/javierbz/SRFlowNIR/runs/4ykesu44
wandb:                                                                                
wandb: 
wandb: Run history:
wandb:     Directional error [Fluid] ███████████████▁▁▁▁▁▁▁▁▁▁▁▁▁▁▁▁▁▁▁▁▁▁▁▁▁
wandb:     Directional error [Noisy] ▁
wandb:            Divergence [Noisy] ▁
wandb: Divergence prediction [Fluid] ▁▁▁▁▁▁▁▁▁▁▁▁▁▁▁▁▁▁▁▁▁▁██████████████████
wandb:  Divergence reference [Fluid] ▁▁▁▁▁▁▁▁▁▁▁▁▁▁▁▁▁▁▁▁▁▁▁▁▁▁▁▁▁▁▁▁▁▁▁▁▁▁▁▁
wandb:                 Loss/Boundary █▂▂▂▂▂▂▂▂▂▁▁▁▁▁▁▁▁▁▁▁▁▁▁▁▁▁▁▁▁▁▁▁▁▁▁▁▁▁▁
wandb:                     Loss/Data █▄▃▃▂▂▂▂▂▂▁▂▂▂▁▂▁▁▁▁▁▁▁▁▁▁▁▁▁▁▁▁▁▁▁▁▁▁▁▁
wandb:               Loss/Divergence ▁▁▁▁▁▁▁▁▁▁▁▁▁▁▁▁▁▁▁▁▁▁▁▁▁▁▁▁▁▁▁▁▁▁▁▁▁▁▁▁
wandb:          Loss/Divergence_data ▁▁▁▁▁▁▁▁▁▁▁▁▁▁▁▁▁▁▁▁▁▁▁▁▁▁▁▁▁▁▁▁▁▁▁▁▁▁▁▁
wandb:                 Loss/Momentum ▁▁▁▁▁▁▁▁▁▁▁▁▁▁▁▁▁▁▁▁▁▁▁▁▁▁▁▁▁▁▁▁▁▁▁▁▁▁▁▁
wandb:            Loss/Momentum_data ▁▁▁▁▁▁▁▁▁▁▁▁▁▁▁▁▁▁▁▁▁▁▁▁▁▁▁▁▁▁▁▁▁▁▁▁▁▁▁▁
wandb:                  Loss/Physics ▁▁▁▁▁▁▁▁▁▁▁▁▁▁▁▁▁▁▁▁▁▁▁▁▁▁▁▁▁▁▁▁▁▁▁▁▁▁▁▁
wandb:             Loss/Physics_data ▁▁▁▁▁▁▁▁▁▁▁▁▁▁▁▁▁▁▁▁▁▁▁▁▁▁▁▁▁▁▁▁▁▁▁▁▁▁▁▁
wandb:                      Loss/Ref █▇▆▅▅▄▄▃▃▃▂▂▂▂▂▂▂▂▂▂▂▂▂▂▂▂▁▁▂▂▂▁▁▁▁▁▁▁▁▁
wandb:                    Loss/Train █▄▂▂▂▂▂▂▂▁▁▁▂▁▁▁▁▁▁▁▁▁▁▁▁▁▁▁▁▁▁▁▁▁▁▁▁▁▁▁
wandb:                VNRMSE [Fluid] ██████████████████████▁▁▁▁▁▁▁▁▁▁▁▁▁▁▁▁▁▁
wandb:                VNRMSE [Noisy] ▁
wandb: 
wandb: Run summary:
wandb:     Directional error [Fluid] 0.07926
wandb:     Directional error [Noisy] 0.00012
wandb:            Divergence [Noisy] 0.03083
wandb: Divergence prediction [Fluid] 0.00971
wandb:  Divergence reference [Fluid] 0.03083
wandb:                 Loss/Boundary 1e-05
wandb:                     Loss/Data 0.00276
wandb:               Loss/Divergence 0
wandb:          Loss/Divergence_data 0
wandb:                 Loss/Momentum 0
wandb:            Loss/Momentum_data 0
wandb:                  Loss/Physics 0
wandb:             Loss/Physics_data 0
wandb:                      Loss/Ref 0.00219
wandb:                    Loss/Train 0.00278
wandb:                VNRMSE [Fluid] 0.02753
wandb:                VNRMSE [Noisy] 0
wandb: 
wandb: 🚀 View run unique-sweep-1 at: https://wandb.ai/javierbz/SRFlowNIR/runs/k514kxt4
wandb: ⭐️ View project at: https://wandb.ai/javierbz/SRFlowNIR
wandb: Synced 5 W&B file(s), 0 media file(s), 0 artifact file(s) and 0 other file(s)
wandb: Find logs at: ./wandb/run-20250213_131909-k514kxt4/logs
wandb: Sweep Agent: Waiting for job.
wandb: Job received.
wandb: Agent Starting Run: 55uu76uh with config:
wandb: 	fourier_scale: 4.5
wandb: WARNING Ignoring project 'SRFlowNIR' when running a sweep.
wandb: Tracking run with wandb version 0.19.5
wandb: Run data is saved locally in /proj/multipress/users/x_javbi/SRFLOW2/SRFlowNIR/src/wandb/run-20250213_132455-55uu76uh
wandb: Run `wandb offline` to turn off syncing.
wandb: Syncing run classic-sweep-2
wandb: ⭐️ View project at https://wandb.ai/javierbz/SRFlowNIR
wandb: 🧹 View sweep at https://wandb.ai/javierbz/SRFlowNIR/sweeps/m67ssd03
wandb: 🚀 View run at https://wandb.ai/javierbz/SRFlowNIR/runs/55uu76uh
wandb:                                                                                
wandb: 
wandb: Run history:
wandb:     Directional error [Fluid] █████████▁▁▁▁▁▁▁▁▁▁▁▁▁▁▁▁▁▁▁▁▁▁▁▁▁▁▁▁▁▁▁
wandb:     Directional error [Noisy] ▁
wandb:            Divergence [Noisy] ▁
wandb: Divergence prediction [Fluid] ██████████▁▁▁▁▁▁▁▁▁▁▁▁▁▁▁▁▁▁▁▁▁▁▁▁▁▁▁▁▁▁
wandb:  Divergence reference [Fluid] ▁▁▁▁▁▁▁▁▁▁▁▁▁▁▁▁▁▁▁▁▁▁▁▁▁▁▁▁▁▁▁▁▁▁▁▁▁▁▁▁
wandb:                 Loss/Boundary █▁▁▁▁▁▁▁▁▁▁▁▁▁▁▁▁▁▁▁▁▁▁▁▁▁▁▁▁▁▁▁▁▁▁▁▁▁▁▁
wandb:                     Loss/Data █▃▃▃▂▂▂▂▂▂▁▂▁▂▂▁▁▁▁▁▁▁▁▁▁▁▁▁▁▁▁▁▁▁▁▁▁▁▁▁
wandb:               Loss/Divergence ▁▁▁▁▁▁▁▁▁▁▁▁▁▁▁▁▁▁▁▁▁▁▁▁▁▁▁▁▁▁▁▁▁▁▁▁▁▁▁▁
wandb:          Loss/Divergence_data ▁▁▁▁▁▁▁▁▁▁▁▁▁▁▁▁▁▁▁▁▁▁▁▁▁▁▁▁▁▁▁▁▁▁▁▁▁▁▁▁
wandb:                 Loss/Momentum ▁▁▁▁▁▁▁▁▁▁▁▁▁▁▁▁▁▁▁▁▁▁▁▁▁▁▁▁▁▁▁▁▁▁▁▁▁▁▁▁
wandb:            Loss/Momentum_data ▁▁▁▁▁▁▁▁▁▁▁▁▁▁▁▁▁▁▁▁▁▁▁▁▁▁▁▁▁▁▁▁▁▁▁▁▁▁▁▁
wandb:                  Loss/Physics ▁▁▁▁▁▁▁▁▁▁▁▁▁▁▁▁▁▁▁▁▁▁▁▁▁▁▁▁▁▁▁▁▁▁▁▁▁▁▁▁
wandb:             Loss/Physics_data ▁▁▁▁▁▁▁▁▁▁▁▁▁▁▁▁▁▁▁▁▁▁▁▁▁▁▁▁▁▁▁▁▁▁▁▁▁▁▁▁
wandb:                      Loss/Ref █▅▃▂▂▁▁▁▁▁▁▁▁▁▁▁▁▁▁▁▁▁▁▁▁▁▁▁▁▁▁▁▁▁▁▁▁▁▁▁
wandb:                    Loss/Train ██▄▄▃▂▁▁▁▁▁▁▁▁▁▁▁▁▁▁▁▁▁▁▁▁▁▁▁▁▁▁▁▁▁▁▁▁▁▁
wandb:                VNRMSE [Fluid] █████████████▁▁▁▁▁▁▁▁▁▁▁▁▁▁▁▁▁▁▁▁▁▁▁▁▁▁▁
wandb:                VNRMSE [Noisy] ▁
wandb: 
wandb: Run summary:
wandb:     Directional error [Fluid] 0.07061
wandb:     Directional error [Noisy] 0.00012
wandb:            Divergence [Noisy] 0.0355
wandb: Divergence prediction [Fluid] 0.01152
wandb:  Divergence reference [Fluid] 0.0355
wandb:                 Loss/Boundary 2e-05
wandb:                     Loss/Data 0.00284
wandb:               Loss/Divergence 0
wandb:          Loss/Divergence_data 0
wandb:                 Loss/Momentum 0
wandb:            Loss/Momentum_data 0
wandb:                  Loss/Physics 0
wandb:             Loss/Physics_data 0
wandb:                      Loss/Ref 0.00223
wandb:                    Loss/Train 0.00287
wandb:                VNRMSE [Fluid] 0.02755
wandb:                VNRMSE [Noisy] 0
wandb: 
wandb: 🚀 View run whole-sweep-26 at: https://wandb.ai/javierbz/SRFlowNIR/runs/4ykesu44
wandb: ⭐️ View project at: https://wandb.ai/javierbz/SRFlowNIR
wandb: Synced 5 W&B file(s), 0 media file(s), 0 artifact file(s) and 0 other file(s)
wandb: Find logs at: ./wandb/run-20250213_132336-4ykesu44/logs
wandb: Sweep Agent: Waiting for job.
wandb: Sweep Agent: Exiting.
wandb:                                                                                
wandb: 
wandb: Run history:
wandb:     Directional error [Fluid] ██████████████████▁▁▁▁▁▁▁▁▁▁▁▁▁▁▁▁▁▁▁▁▁▁
wandb:     Directional error [Noisy] ▁
wandb:            Divergence [Noisy] ▁
wandb: Divergence prediction [Fluid] ▁▁▁▁▁▁▁▁▁▁▁▁▁▁▁▁▁▁▁▁▁▁██████████████████
wandb:  Divergence reference [Fluid] ▁▁▁▁▁▁▁▁▁▁▁▁▁▁▁▁▁▁▁▁▁▁▁▁▁▁▁▁▁▁▁▁▁▁▁▁▁▁▁▁
wandb:                 Loss/Boundary █▁▁▁▁▁▁▁▁▁▁▁▁▁▁▁▁▁▁▁▁▁▁▁▁▁▁▁▁▁▁▁▁▁▁▁▁▁▁▁
wandb:                     Loss/Data █▆▄▄▃▃▃▃▂▂▂▂▂▂▂▂▂▂▂▂▂▂▂▂▂▂▂▂▂▁▁▁▁▁▁▂▂▁▂▁
wandb:               Loss/Divergence ▁▁▁▁▁▁▁▁▁▁▁▁▁▁▁▁▁▁▁▁▁▁▁▁▁▁▁▁▁▁▁▁▁▁▁▁▁▁▁▁
wandb:          Loss/Divergence_data ▁▁▁▁▁▁▁▁▁▁▁▁▁▁▁▁▁▁▁▁▁▁▁▁▁▁▁▁▁▁▁▁▁▁▁▁▁▁▁▁
wandb:                 Loss/Momentum ▁▁▁▁▁▁▁▁▁▁▁▁▁▁▁▁▁▁▁▁▁▁▁▁▁▁▁▁▁▁▁▁▁▁▁▁▁▁▁▁
wandb:            Loss/Momentum_data ▁▁▁▁▁▁▁▁▁▁▁▁▁▁▁▁▁▁▁▁▁▁▁▁▁▁▁▁▁▁▁▁▁▁▁▁▁▁▁▁
wandb:                  Loss/Physics ▁▁▁▁▁▁▁▁▁▁▁▁▁▁▁▁▁▁▁▁▁▁▁▁▁▁▁▁▁▁▁▁▁▁▁▁▁▁▁▁
wandb:             Loss/Physics_data ▁▁▁▁▁▁▁▁▁▁▁▁▁▁▁▁▁▁▁▁▁▁▁▁▁▁▁▁▁▁▁▁▁▁▁▁▁▁▁▁
wandb:                      Loss/Ref █▄▃▂▂▂▂▂▂▁▁▁▁▁▁▁▁▁▁▁▁▁▁▁▁▁▁▁▁▁▁▁▁▁▁▁▁▁▁▁
wandb:                    Loss/Train █▄▃▂▂▂▂▂▂▂▁▂▂▂▁▁▁▁▁▁▁▁▁▁▁▁▁▁▁▁▁▁▁▁▁▁▁▁▁▁
wandb:                VNRMSE [Fluid] ████████████████████▁▁▁▁▁▁▁▁▁▁▁▁▁▁▁▁▁▁▁▁
wandb:                VNRMSE [Noisy] ▁
wandb: 
wandb: Run summary:
wandb:     Directional error [Fluid] 0.07563
wandb:     Directional error [Noisy] 0.00012
wandb:            Divergence [Noisy] 0.03083
wandb: Divergence prediction [Fluid] 0.0098
wandb:  Divergence reference [Fluid] 0.03083
wandb:                 Loss/Boundary 2e-05
wandb:                     Loss/Data 0.00264
wandb:               Loss/Divergence 0
wandb:          Loss/Divergence_data 0
wandb:                 Loss/Momentum 0
wandb:            Loss/Momentum_data 0
wandb:                  Loss/Physics 0
wandb:             Loss/Physics_data 0
wandb:                      Loss/Ref 0.00208
wandb:                    Loss/Train 0.00265
wandb:                VNRMSE [Fluid] 0.0268
wandb:                VNRMSE [Noisy] 0
wandb: 
wandb: 🚀 View run classic-sweep-2 at: https://wandb.ai/javierbz/SRFlowNIR/runs/55uu76uh
wandb: ⭐️ View project at: https://wandb.ai/javierbz/SRFlowNIR
wandb: Synced 5 W&B file(s), 0 media file(s), 0 artifact file(s) and 0 other file(s)
wandb: Find logs at: ./wandb/run-20250213_132455-55uu76uh/logs
wandb: Agent Starting Run: dttkhj4d with config:
wandb: 	fourier_scale: 5
wandb: WARNING Ignoring project 'SRFlowNIR' when running a sweep.
wandb: Tracking run with wandb version 0.19.5
wandb: Run data is saved locally in /proj/multipress/users/x_javbi/SRFLOW2/SRFlowNIR/src/wandb/run-20250213_133032-dttkhj4d
wandb: Run `wandb offline` to turn off syncing.
wandb: Syncing run firm-sweep-3
wandb: ⭐️ View project at https://wandb.ai/javierbz/SRFlowNIR
wandb: 🧹 View sweep at https://wandb.ai/javierbz/SRFlowNIR/sweeps/m67ssd03
wandb: 🚀 View run at https://wandb.ai/javierbz/SRFlowNIR/runs/dttkhj4d
wandb:                                                                                
wandb: 
wandb: Run history:
wandb:     Directional error [Fluid] ███████████████████████████▁▁▁▁▁▁▁▁▁▁▁▁▁
wandb:     Directional error [Noisy] ▁
wandb:            Divergence [Noisy] ▁
wandb: Divergence prediction [Fluid] ▁▁▁▁▁▁▁▁▁▁▁▁▁▁▁▁████████████████████████
wandb:  Divergence reference [Fluid] ▁▁▁▁▁▁▁▁▁▁▁▁▁▁▁▁▁▁▁▁▁▁▁▁▁▁▁▁▁▁▁▁▁▁▁▁▁▁▁▁
wandb:                 Loss/Boundary █▂▂▂▂▂▂▂▁▁▁▁▁▁▁▁▁▁▁▁▁▁▁▁▁▁▁▁▁▁▁▁▁▁▁▁▁▁▁▁
wandb:                     Loss/Data █▄▃▂▂▂▂▂▁▂▁▁▁▁▁▁▁▁▁▁▁▁▁▁▁▁▁▁▁▁▁▁▁▁▁▁▁▁▁▁
wandb:               Loss/Divergence ▁▁▁▁▁▁▁▁▁▁▁▁▁▁▁▁▁▁▁▁▁▁▁▁▁▁▁▁▁▁▁▁▁▁▁▁▁▁▁▁
wandb:          Loss/Divergence_data ▁▁▁▁▁▁▁▁▁▁▁▁▁▁▁▁▁▁▁▁▁▁▁▁▁▁▁▁▁▁▁▁▁▁▁▁▁▁▁▁
wandb:                 Loss/Momentum ▁▁▁▁▁▁▁▁▁▁▁▁▁▁▁▁▁▁▁▁▁▁▁▁▁▁▁▁▁▁▁▁▁▁▁▁▁▁▁▁
wandb:            Loss/Momentum_data ▁▁▁▁▁▁▁▁▁▁▁▁▁▁▁▁▁▁▁▁▁▁▁▁▁▁▁▁▁▁▁▁▁▁▁▁▁▁▁▁
wandb:                  Loss/Physics ▁▁▁▁▁▁▁▁▁▁▁▁▁▁▁▁▁▁▁▁▁▁▁▁▁▁▁▁▁▁▁▁▁▁▁▁▁▁▁▁
wandb:             Loss/Physics_data ▁▁▁▁▁▁▁▁▁▁▁▁▁▁▁▁▁▁▁▁▁▁▁▁▁▁▁▁▁▁▁▁▁▁▁▁▁▁▁▁
wandb:                      Loss/Ref █▇▆▅▅▄▄▃▃▃▃▃▃▃▃▂▃▃▂▂▂▂▂▂▂▁▂▁▂▂▁▂▂▂▂▁▂▂▁▁
wandb:                    Loss/Train █▄▃▂▂▂▂▂▂▂▁▁▁▁▁▁▁▁▁▁▁▁▁▁▁▁▁▁▁▁▁▁▁▁▁▁▁▁▁▁
wandb:                VNRMSE [Fluid] ███████████████▁▁▁▁▁▁▁▁▁▁▁▁▁▁▁▁▁▁▁▁▁▁▁▁▁
wandb:                VNRMSE [Noisy] ▁
wandb: 
wandb: Run summary:
wandb:     Directional error [Fluid] 0.07268
wandb:     Directional error [Noisy] 0.00012
wandb:            Divergence [Noisy] 0.03083
wandb: Divergence prediction [Fluid] 0.00993
wandb:  Divergence reference [Fluid] 0.03083
wandb:                 Loss/Boundary 1e-05
wandb:                     Loss/Data 0.00253
wandb:               Loss/Divergence 0
wandb:          Loss/Divergence_data 0
wandb:                 Loss/Momentum 0
wandb:            Loss/Momentum_data 0
wandb:                  Loss/Physics 0
wandb:             Loss/Physics_data 0
wandb:                      Loss/Ref 0.00198
wandb:                    Loss/Train 0.00254
wandb:                VNRMSE [Fluid] 0.02617
wandb:                VNRMSE [Noisy] 0
wandb: 
wandb: 🚀 View run firm-sweep-3 at: https://wandb.ai/javierbz/SRFlowNIR/runs/dttkhj4d
wandb: ⭐️ View project at: https://wandb.ai/javierbz/SRFlowNIR
wandb: Synced 5 W&B file(s), 0 media file(s), 0 artifact file(s) and 0 other file(s)
wandb: Find logs at: ./wandb/run-20250213_133032-dttkhj4d/logs
wandb: Agent Starting Run: 735oqciw with config:
wandb: 	fourier_scale: 5.5
wandb: WARNING Ignoring project 'SRFlowNIR' when running a sweep.
wandb: Tracking run with wandb version 0.19.5
wandb: Run data is saved locally in /proj/multipress/users/x_javbi/SRFLOW2/SRFlowNIR/src/wandb/run-20250213_133608-735oqciw
wandb: Run `wandb offline` to turn off syncing.
wandb: Syncing run radiant-sweep-4
wandb: ⭐️ View project at https://wandb.ai/javierbz/SRFlowNIR
wandb: 🧹 View sweep at https://wandb.ai/javierbz/SRFlowNIR/sweeps/m67ssd03
wandb: 🚀 View run at https://wandb.ai/javierbz/SRFlowNIR/runs/735oqciw
wandb:                                                                                
wandb: 
wandb: Run history:
wandb:     Directional error [Fluid] █████████████████████████▁▁▁▁▁▁▁▁▁▁▁▁▁▁▁
wandb:     Directional error [Noisy] ▁
wandb:            Divergence [Noisy] ▁
wandb: Divergence prediction [Fluid] ▁▁▁▁▁▁▁▁▁▁▁▁▁▁▁▁▁▁▁▁▁▁██████████████████
wandb:  Divergence reference [Fluid] ▁▁▁▁▁▁▁▁▁▁▁▁▁▁▁▁▁▁▁▁▁▁▁▁▁▁▁▁▁▁▁▁▁▁▁▁▁▁▁▁
wandb:                 Loss/Boundary █▂▂▂▂▂▂▂▂▂▁▁▁▁▁▁▁▁▁▁▁▁▁▁▁▁▁▁▁▁▁▁▁▁▁▁▁▁▁▁
wandb:                     Loss/Data █▄▃▂▂▂▂▂▂▁▁▁▁▁▁▁▁▁▁▁▁▁▁▁▁▁▁▁▁▁▁▁▁▁▁▁▁▁▁▁
wandb:               Loss/Divergence ▁▁▁▁▁▁▁▁▁▁▁▁▁▁▁▁▁▁▁▁▁▁▁▁▁▁▁▁▁▁▁▁▁▁▁▁▁▁▁▁
wandb:          Loss/Divergence_data ▁▁▁▁▁▁▁▁▁▁▁▁▁▁▁▁▁▁▁▁▁▁▁▁▁▁▁▁▁▁▁▁▁▁▁▁▁▁▁▁
wandb:                 Loss/Momentum ▁▁▁▁▁▁▁▁▁▁▁▁▁▁▁▁▁▁▁▁▁▁▁▁▁▁▁▁▁▁▁▁▁▁▁▁▁▁▁▁
wandb:            Loss/Momentum_data ▁▁▁▁▁▁▁▁▁▁▁▁▁▁▁▁▁▁▁▁▁▁▁▁▁▁▁▁▁▁▁▁▁▁▁▁▁▁▁▁
wandb:                  Loss/Physics ▁▁▁▁▁▁▁▁▁▁▁▁▁▁▁▁▁▁▁▁▁▁▁▁▁▁▁▁▁▁▁▁▁▁▁▁▁▁▁▁
wandb:             Loss/Physics_data ▁▁▁▁▁▁▁▁▁▁▁▁▁▁▁▁▁▁▁▁▁▁▁▁▁▁▁▁▁▁▁▁▁▁▁▁▁▁▁▁
wandb:                      Loss/Ref █▃▂▂▂▂▁▂▁▁▁▁▁▁▁▁▁▁▁▁▁▁▁▁▁▁▁▁▁▁▁▁▁▁▁▁▁▁▁▁
wandb:                    Loss/Train █▄▂▂▂▂▂▂▂▁▁▁▁▁▁▁▁▁▁▁▁▁▁▁▁▁▁▁▁▁▁▁▁▁▁▁▁▁▁▁
wandb:                VNRMSE [Fluid] ██████████████████▁▁▁▁▁▁▁▁▁▁▁▁▁▁▁▁▁▁▁▁▁▁
wandb:                VNRMSE [Noisy] ▁
wandb: 
wandb: Run summary:
wandb:     Directional error [Fluid] 0.07012
wandb:     Directional error [Noisy] 0.00012
wandb:            Divergence [Noisy] 0.03083
wandb: Divergence prediction [Fluid] 0.01004
wandb:  Divergence reference [Fluid] 0.03083
wandb:                 Loss/Boundary 2e-05
wandb:                     Loss/Data 0.00244
wandb:               Loss/Divergence 0
wandb:          Loss/Divergence_data 0
wandb:                 Loss/Momentum 0
wandb:            Loss/Momentum_data 0
wandb:                  Loss/Physics 0
wandb:             Loss/Physics_data 0
wandb:                      Loss/Ref 0.00191
wandb:                    Loss/Train 0.00246
wandb:                VNRMSE [Fluid] 0.02569
wandb:                VNRMSE [Noisy] 0
wandb: 
wandb: 🚀 View run radiant-sweep-4 at: https://wandb.ai/javierbz/SRFlowNIR/runs/735oqciw
wandb: ⭐️ View project at: https://wandb.ai/javierbz/SRFlowNIR
wandb: Synced 5 W&B file(s), 0 media file(s), 0 artifact file(s) and 0 other file(s)
wandb: Find logs at: ./wandb/run-20250213_133608-735oqciw/logs
wandb: Agent Starting Run: jwa4b5bg with config:
wandb: 	fourier_scale: 6
wandb: WARNING Ignoring project 'SRFlowNIR' when running a sweep.
wandb: Tracking run with wandb version 0.19.5
wandb: Run data is saved locally in /proj/multipress/users/x_javbi/SRFLOW2/SRFlowNIR/src/wandb/run-20250213_134146-jwa4b5bg
wandb: Run `wandb offline` to turn off syncing.
wandb: Syncing run noble-sweep-5
wandb: ⭐️ View project at https://wandb.ai/javierbz/SRFlowNIR
wandb: 🧹 View sweep at https://wandb.ai/javierbz/SRFlowNIR/sweeps/m67ssd03
wandb: 🚀 View run at https://wandb.ai/javierbz/SRFlowNIR/runs/jwa4b5bg
wandb:                                                                                
wandb: 
wandb: Run history:
wandb:     Directional error [Fluid] █████████████████████████▁▁▁▁▁▁▁▁▁▁▁▁▁▁▁
wandb:     Directional error [Noisy] ▁
wandb:            Divergence [Noisy] ▁
wandb: Divergence prediction [Fluid] ▁▁▁▁▁▁▁▁▁▁▁▁▁▁▁▁▁▁▁▁▁▁▁█████████████████
wandb:  Divergence reference [Fluid] ▁▁▁▁▁▁▁▁▁▁▁▁▁▁▁▁▁▁▁▁▁▁▁▁▁▁▁▁▁▁▁▁▁▁▁▁▁▁▁▁
wandb:                 Loss/Boundary █▁▁▁▁▁▁▁▁▁▁▁▁▁▁▁▁▁▁▁▁▁▁▁▁▁▁▁▁▁▁▁▁▁▁▁▁▁▁▁
wandb:                     Loss/Data █▂▂▂▂▂▁▁▁▁▁▁▁▁▁▁▁▁▁▁▁▁▁▁▁▁▁▁▁▁▁▁▁▁▁▁▁▁▁▁
wandb:               Loss/Divergence ▁▁▁▁▁▁▁▁▁▁▁▁▁▁▁▁▁▁▁▁▁▁▁▁▁▁▁▁▁▁▁▁▁▁▁▁▁▁▁▁
wandb:          Loss/Divergence_data ▁▁▁▁▁▁▁▁▁▁▁▁▁▁▁▁▁▁▁▁▁▁▁▁▁▁▁▁▁▁▁▁▁▁▁▁▁▁▁▁
wandb:                 Loss/Momentum ▁▁▁▁▁▁▁▁▁▁▁▁▁▁▁▁▁▁▁▁▁▁▁▁▁▁▁▁▁▁▁▁▁▁▁▁▁▁▁▁
wandb:            Loss/Momentum_data ▁▁▁▁▁▁▁▁▁▁▁▁▁▁▁▁▁▁▁▁▁▁▁▁▁▁▁▁▁▁▁▁▁▁▁▁▁▁▁▁
wandb:                  Loss/Physics ▁▁▁▁▁▁▁▁▁▁▁▁▁▁▁▁▁▁▁▁▁▁▁▁▁▁▁▁▁▁▁▁▁▁▁▁▁▁▁▁
wandb:             Loss/Physics_data ▁▁▁▁▁▁▁▁▁▁▁▁▁▁▁▁▁▁▁▁▁▁▁▁▁▁▁▁▁▁▁▁▁▁▁▁▁▁▁▁
wandb:                      Loss/Ref █▅▄▃▃▂▂▂▂▂▂▂▂▂▂▁▂▁▁▁▁▁▁▁▁▁▁▁▁▁▁▁▁▁▁▁▁▁▁▁
wandb:                    Loss/Train █▄▂▂▂▁▁▁▁▁▁▁▁▁▁▁▁▁▁▁▁▁▁▁▁▁▁▁▁▁▁▁▁▁▁▁▁▁▁▁
wandb:                VNRMSE [Fluid] ████████████████████▁▁▁▁▁▁▁▁▁▁▁▁▁▁▁▁▁▁▁▁
wandb:                VNRMSE [Noisy] ▁
wandb: 
wandb: Run summary:
wandb:     Directional error [Fluid] 0.06827
wandb:     Directional error [Noisy] 0.00012
wandb:            Divergence [Noisy] 0.03083
wandb: Divergence prediction [Fluid] 0.0101
wandb:  Divergence reference [Fluid] 0.03083
wandb:                 Loss/Boundary 1e-05
wandb:                     Loss/Data 0.00238
wandb:               Loss/Divergence 0
wandb:          Loss/Divergence_data 0
wandb:                 Loss/Momentum 0
wandb:            Loss/Momentum_data 0
wandb:                  Loss/Physics 0
wandb:             Loss/Physics_data 0
wandb:                      Loss/Ref 0.00185
wandb:                    Loss/Train 0.00239
wandb:                VNRMSE [Fluid] 0.02531
wandb:                VNRMSE [Noisy] 0
wandb: 
wandb: 🚀 View run noble-sweep-5 at: https://wandb.ai/javierbz/SRFlowNIR/runs/jwa4b5bg
wandb: ⭐️ View project at: https://wandb.ai/javierbz/SRFlowNIR
wandb: Synced 5 W&B file(s), 0 media file(s), 0 artifact file(s) and 0 other file(s)
wandb: Find logs at: ./wandb/run-20250213_134146-jwa4b5bg/logs
wandb: Agent Starting Run: qy7ppykj with config:
wandb: 	fourier_scale: 6.5
wandb: WARNING Ignoring project 'SRFlowNIR' when running a sweep.
wandb: Tracking run with wandb version 0.19.5
wandb: Run data is saved locally in /proj/multipress/users/x_javbi/SRFLOW2/SRFlowNIR/src/wandb/run-20250213_134723-qy7ppykj
wandb: Run `wandb offline` to turn off syncing.
wandb: Syncing run hearty-sweep-6
wandb: ⭐️ View project at https://wandb.ai/javierbz/SRFlowNIR
wandb: 🧹 View sweep at https://wandb.ai/javierbz/SRFlowNIR/sweeps/m67ssd03
wandb: 🚀 View run at https://wandb.ai/javierbz/SRFlowNIR/runs/qy7ppykj
wandb:                                                                                
wandb: 
wandb: Run history:
wandb:     Directional error [Fluid] ██████████████████▁▁▁▁▁▁▁▁▁▁▁▁▁▁▁▁▁▁▁▁▁▁
wandb:     Directional error [Noisy] ▁
wandb:            Divergence [Noisy] ▁
wandb: Divergence prediction [Fluid] ██████████████████████▁▁▁▁▁▁▁▁▁▁▁▁▁▁▁▁▁▁
wandb:  Divergence reference [Fluid] ▁▁▁▁▁▁▁▁▁▁▁▁▁▁▁▁▁▁▁▁▁▁▁▁▁▁▁▁▁▁▁▁▁▁▁▁▁▁▁▁
wandb:                 Loss/Boundary █▁▁▁▁▁▁▁▁▁▁▁▁▁▁▁▁▁▁▁▁▁▁▁▁▁▁▁▁▁▁▁▁▁▁▁▁▁▁▁
wandb:                     Loss/Data █▂▂▂▁▁▁▁▁▁▁▁▁▁▁▁▁▁▁▁▁▁▁▁▁▁▁▁▁▁▁▁▁▁▁▁▁▁▁▁
wandb:               Loss/Divergence ▁▁▁▁▁▁▁▁▁▁▁▁▁▁▁▁▁▁▁▁▁▁▁▁▁▁▁▁▁▁▁▁▁▁▁▁▁▁▁▁
wandb:          Loss/Divergence_data ▁▁▁▁▁▁▁▁▁▁▁▁▁▁▁▁▁▁▁▁▁▁▁▁▁▁▁▁▁▁▁▁▁▁▁▁▁▁▁▁
wandb:                 Loss/Momentum ▁▁▁▁▁▁▁▁▁▁▁▁▁▁▁▁▁▁▁▁▁▁▁▁▁▁▁▁▁▁▁▁▁▁▁▁▁▁▁▁
wandb:            Loss/Momentum_data ▁▁▁▁▁▁▁▁▁▁▁▁▁▁▁▁▁▁▁▁▁▁▁▁▁▁▁▁▁▁▁▁▁▁▁▁▁▁▁▁
wandb:                  Loss/Physics ▁▁▁▁▁▁▁▁▁▁▁▁▁▁▁▁▁▁▁▁▁▁▁▁▁▁▁▁▁▁▁▁▁▁▁▁▁▁▁▁
wandb:             Loss/Physics_data ▁▁▁▁▁▁▁▁▁▁▁▁▁▁▁▁▁▁▁▁▁▁▁▁▁▁▁▁▁▁▁▁▁▁▁▁▁▁▁▁
wandb:                      Loss/Ref █▂▂▂▁▁▁▁▁▁▁▁▁▁▁▁▁▁▁▁▁▁▁▁▁▁▁▁▁▁▁▁▁▁▁▁▁▁▁▁
wandb:                    Loss/Train █▄▂▂▂▁▁▁▁▁▁▁▁▁▁▁▁▁▁▁▁▁▁▁▁▁▁▁▁▁▁▁▁▁▁▁▁▁▁▁
wandb:                VNRMSE [Fluid] █████████████████████▁▁▁▁▁▁▁▁▁▁▁▁▁▁▁▁▁▁▁
wandb:                VNRMSE [Noisy] ▁
wandb: 
wandb: Run summary:
wandb:     Directional error [Fluid] 0.06702
wandb:     Directional error [Noisy] 0.00012
wandb:            Divergence [Noisy] 0.03083
wandb: Divergence prediction [Fluid] 0.01018
wandb:  Divergence reference [Fluid] 0.03083
wandb:                 Loss/Boundary 2e-05
wandb:                     Loss/Data 0.00232
wandb:               Loss/Divergence 0
wandb:          Loss/Divergence_data 0
wandb:                 Loss/Momentum 0
wandb:            Loss/Momentum_data 0
wandb:                  Loss/Physics 0
wandb:             Loss/Physics_data 0
wandb:                      Loss/Ref 0.0018
wandb:                    Loss/Train 0.00234
wandb:                VNRMSE [Fluid] 0.02498
wandb:                VNRMSE [Noisy] 0
wandb: 
wandb: 🚀 View run hearty-sweep-6 at: https://wandb.ai/javierbz/SRFlowNIR/runs/qy7ppykj
wandb: ⭐️ View project at: https://wandb.ai/javierbz/SRFlowNIR
wandb: Synced 5 W&B file(s), 0 media file(s), 0 artifact file(s) and 0 other file(s)
wandb: Find logs at: ./wandb/run-20250213_134723-qy7ppykj/logs
wandb: Agent Starting Run: uc732imb with config:
wandb: 	fourier_scale: 7
wandb: WARNING Ignoring project 'SRFlowNIR' when running a sweep.
wandb: Tracking run with wandb version 0.19.5
wandb: Run data is saved locally in /proj/multipress/users/x_javbi/SRFLOW2/SRFlowNIR/src/wandb/run-20250213_135259-uc732imb
wandb: Run `wandb offline` to turn off syncing.
wandb: Syncing run flowing-sweep-7
wandb: ⭐️ View project at https://wandb.ai/javierbz/SRFlowNIR
wandb: 🧹 View sweep at https://wandb.ai/javierbz/SRFlowNIR/sweeps/m67ssd03
wandb: 🚀 View run at https://wandb.ai/javierbz/SRFlowNIR/runs/uc732imb
wandb:                                                                                
wandb: 
wandb: Run history:
wandb:     Directional error [Fluid] █████████████████████████▁▁▁▁▁▁▁▁▁▁▁▁▁▁▁
wandb:     Directional error [Noisy] ▁
wandb:            Divergence [Noisy] ▁
wandb: Divergence prediction [Fluid] ██████████████████████▁▁▁▁▁▁▁▁▁▁▁▁▁▁▁▁▁▁
wandb:  Divergence reference [Fluid] ▁▁▁▁▁▁▁▁▁▁▁▁▁▁▁▁▁▁▁▁▁▁▁▁▁▁▁▁▁▁▁▁▁▁▁▁▁▁▁▁
wandb:                 Loss/Boundary █▁▁▁▁▁▁▁▁▁▁▁▁▁▁▁▁▁▁▁▁▁▁▁▁▁▁▁▁▁▁▁▁▁▁▁▁▁▁▁
wandb:                     Loss/Data █▄▂▂▂▁▁▁▁▁▁▁▁▁▁▁▁▁▁▁▁▁▁▁▁▁▁▁▁▁▁▁▁▁▁▁▁▁▁▁
wandb:               Loss/Divergence ▁▁▁▁▁▁▁▁▁▁▁▁▁▁▁▁▁▁▁▁▁▁▁▁▁▁▁▁▁▁▁▁▁▁▁▁▁▁▁▁
wandb:          Loss/Divergence_data ▁▁▁▁▁▁▁▁▁▁▁▁▁▁▁▁▁▁▁▁▁▁▁▁▁▁▁▁▁▁▁▁▁▁▁▁▁▁▁▁
wandb:                 Loss/Momentum ▁▁▁▁▁▁▁▁▁▁▁▁▁▁▁▁▁▁▁▁▁▁▁▁▁▁▁▁▁▁▁▁▁▁▁▁▁▁▁▁
wandb:            Loss/Momentum_data ▁▁▁▁▁▁▁▁▁▁▁▁▁▁▁▁▁▁▁▁▁▁▁▁▁▁▁▁▁▁▁▁▁▁▁▁▁▁▁▁
wandb:                  Loss/Physics ▁▁▁▁▁▁▁▁▁▁▁▁▁▁▁▁▁▁▁▁▁▁▁▁▁▁▁▁▁▁▁▁▁▁▁▁▁▁▁▁
wandb:             Loss/Physics_data ▁▁▁▁▁▁▁▁▁▁▁▁▁▁▁▁▁▁▁▁▁▁▁▁▁▁▁▁▁▁▁▁▁▁▁▁▁▁▁▁
wandb:                      Loss/Ref █▄▂▂▂▁▁▁▁▁▁▁▁▁▁▁▁▁▁▁▁▁▁▁▁▁▁▁▁▁▁▁▁▁▁▁▁▁▁▁
wandb:                    Loss/Train █▄▂▂▂▁▁▁▁▁▁▁▁▁▁▁▁▁▁▁▁▁▁▁▁▁▁▁▁▁▁▁▁▁▁▁▁▁▁▁
wandb:                VNRMSE [Fluid] ████████████████████▁▁▁▁▁▁▁▁▁▁▁▁▁▁▁▁▁▁▁▁
wandb:                VNRMSE [Noisy] ▁
wandb: 
wandb: Run summary:
wandb:     Directional error [Fluid] 0.06561
wandb:     Directional error [Noisy] 0.00012
wandb:            Divergence [Noisy] 0.03083
wandb: Divergence prediction [Fluid] 0.01028
wandb:  Divergence reference [Fluid] 0.03083
wandb:                 Loss/Boundary 2e-05
wandb:                     Loss/Data 0.00227
wandb:               Loss/Divergence 0
wandb:          Loss/Divergence_data 0
wandb:                 Loss/Momentum 0
wandb:            Loss/Momentum_data 0
wandb:                  Loss/Physics 0
wandb:             Loss/Physics_data 0
wandb:                      Loss/Ref 0.00176
wandb:                    Loss/Train 0.00229
wandb:                VNRMSE [Fluid] 0.02466
wandb:                VNRMSE [Noisy] 0
wandb: 
wandb: 🚀 View run flowing-sweep-7 at: https://wandb.ai/javierbz/SRFlowNIR/runs/uc732imb
wandb: ⭐️ View project at: https://wandb.ai/javierbz/SRFlowNIR
wandb: Synced 5 W&B file(s), 0 media file(s), 0 artifact file(s) and 0 other file(s)
wandb: Find logs at: ./wandb/run-20250213_135259-uc732imb/logs
wandb: Agent Starting Run: z9vdv1wi with config:
wandb: 	fourier_scale: 7.5
wandb: WARNING Ignoring project 'SRFlowNIR' when running a sweep.
wandb: Tracking run with wandb version 0.19.5
wandb: Run data is saved locally in /proj/multipress/users/x_javbi/SRFLOW2/SRFlowNIR/src/wandb/run-20250213_135835-z9vdv1wi
wandb: Run `wandb offline` to turn off syncing.
wandb: Syncing run usual-sweep-8
wandb: ⭐️ View project at https://wandb.ai/javierbz/SRFlowNIR
wandb: 🧹 View sweep at https://wandb.ai/javierbz/SRFlowNIR/sweeps/m67ssd03
wandb: 🚀 View run at https://wandb.ai/javierbz/SRFlowNIR/runs/z9vdv1wi
wandb:                                                                                
wandb: 
wandb: Run history:
wandb:     Directional error [Fluid] ██████████████████████▁▁▁▁▁▁▁▁▁▁▁▁▁▁▁▁▁▁
wandb:     Directional error [Noisy] ▁
wandb:            Divergence [Noisy] ▁
wandb: Divergence prediction [Fluid] ███████████████████████▁▁▁▁▁▁▁▁▁▁▁▁▁▁▁▁▁
wandb:  Divergence reference [Fluid] ▁▁▁▁▁▁▁▁▁▁▁▁▁▁▁▁▁▁▁▁▁▁▁▁▁▁▁▁▁▁▁▁▁▁▁▁▁▁▁▁
wandb:                 Loss/Boundary ▁▅▆▇██████▇▇▇▇▇▇▇▇▆▆▆▆▆▆▆▅▅▅▅▅▅▅▅▅▅▅▅▅▅▅
wandb:                     Loss/Data █▂▂▁▁▁▁▁▁▁▁▁▁▁▁▁▁▁▁▁▁▁▁▁▁▁▁▁▁▁▁▁▁▁▁▁▁▁▁▁
wandb:               Loss/Divergence ▁▁▁▁▁▁▁▁▁▁▁▁▁▁▁▁▁▁▁▁▁▁▁▁▁▁▁▁▁▁▁▁▁▁▁▁▁▁▁▁
wandb:          Loss/Divergence_data ▁▁▁▁▁▁▁▁▁▁▁▁▁▁▁▁▁▁▁▁▁▁▁▁▁▁▁▁▁▁▁▁▁▁▁▁▁▁▁▁
wandb:                 Loss/Momentum ▁▁▁▁▁▁▁▁▁▁▁▁▁▁▁▁▁▁▁▁▁▁▁▁▁▁▁▁▁▁▁▁▁▁▁▁▁▁▁▁
wandb:            Loss/Momentum_data ▁▁▁▁▁▁▁▁▁▁▁▁▁▁▁▁▁▁▁▁▁▁▁▁▁▁▁▁▁▁▁▁▁▁▁▁▁▁▁▁
wandb:                  Loss/Physics ▁▁▁▁▁▁▁▁▁▁▁▁▁▁▁▁▁▁▁▁▁▁▁▁▁▁▁▁▁▁▁▁▁▁▁▁▁▁▁▁
wandb:             Loss/Physics_data ▁▁▁▁▁▁▁▁▁▁▁▁▁▁▁▁▁▁▁▁▁▁▁▁▁▁▁▁▁▁▁▁▁▁▁▁▁▁▁▁
wandb:                      Loss/Ref █▄▃▂▂▂▁▂▂▁▁▁▁▁▁▁▁▁▁▁▁▁▁▁▁▁▁▁▁▁▁▁▁▁▁▁▁▁▁▁
wandb:                    Loss/Train █▄▂▂▁▁▁▁▁▁▁▁▁▁▁▁▁▁▁▁▁▁▁▁▁▁▁▁▁▁▁▁▁▁▁▁▁▁▁▁
wandb:                VNRMSE [Fluid] ████████████████████▁▁▁▁▁▁▁▁▁▁▁▁▁▁▁▁▁▁▁▁
wandb:                VNRMSE [Noisy] ▁
wandb: 
wandb: Run summary:
wandb:     Directional error [Fluid] 0.06454
wandb:     Directional error [Noisy] 0.00012
wandb:            Divergence [Noisy] 0.03083
wandb: Divergence prediction [Fluid] 0.01035
wandb:  Divergence reference [Fluid] 0.03083
wandb:                 Loss/Boundary 2e-05
wandb:                     Loss/Data 0.00223
wandb:               Loss/Divergence 0
wandb:          Loss/Divergence_data 0
wandb:                 Loss/Momentum 0
wandb:            Loss/Momentum_data 0
wandb:                  Loss/Physics 0
wandb:             Loss/Physics_data 0
wandb:                      Loss/Ref 0.00173
wandb:                    Loss/Train 0.00224
wandb:                VNRMSE [Fluid] 0.02444
wandb:                VNRMSE [Noisy] 0
wandb: 
wandb: 🚀 View run usual-sweep-8 at: https://wandb.ai/javierbz/SRFlowNIR/runs/z9vdv1wi
wandb: ⭐️ View project at: https://wandb.ai/javierbz/SRFlowNIR
wandb: Synced 5 W&B file(s), 0 media file(s), 0 artifact file(s) and 0 other file(s)
wandb: Find logs at: ./wandb/run-20250213_135835-z9vdv1wi/logs
wandb: Agent Starting Run: zekqu7dz with config:
wandb: 	fourier_scale: 8
wandb: WARNING Ignoring project 'SRFlowNIR' when running a sweep.
wandb: Tracking run with wandb version 0.19.5
wandb: Run data is saved locally in /proj/multipress/users/x_javbi/SRFLOW2/SRFlowNIR/src/wandb/run-20250213_140412-zekqu7dz
wandb: Run `wandb offline` to turn off syncing.
wandb: Syncing run clear-sweep-9
wandb: ⭐️ View project at https://wandb.ai/javierbz/SRFlowNIR
wandb: 🧹 View sweep at https://wandb.ai/javierbz/SRFlowNIR/sweeps/m67ssd03
wandb: 🚀 View run at https://wandb.ai/javierbz/SRFlowNIR/runs/zekqu7dz
wandb:                                                                                
wandb: 
wandb: Run history:
wandb:     Directional error [Fluid] █████████████████████▁▁▁▁▁▁▁▁▁▁▁▁▁▁▁▁▁▁▁
wandb:     Directional error [Noisy] ▁
wandb:            Divergence [Noisy] ▁
wandb: Divergence prediction [Fluid] ███████████████████████▁▁▁▁▁▁▁▁▁▁▁▁▁▁▁▁▁
wandb:  Divergence reference [Fluid] ▁▁▁▁▁▁▁▁▁▁▁▁▁▁▁▁▁▁▁▁▁▁▁▁▁▁▁▁▁▁▁▁▁▁▁▁▁▁▁▁
wandb:                 Loss/Boundary █▁▁▁▁▁▁▁▁▁▁▁▁▁▁▁▁▁▁▁▁▁▁▁▁▁▁▁▁▁▁▁▁▁▁▁▁▁▁▁
wandb:                     Loss/Data █▅▂▂▂▁▁▁▁▁▁▁▁▁▁▁▁▁▁▁▁▁▁▁▁▁▁▁▁▁▁▁▁▁▁▁▁▁▁▁
wandb:               Loss/Divergence ▁▁▁▁▁▁▁▁▁▁▁▁▁▁▁▁▁▁▁▁▁▁▁▁▁▁▁▁▁▁▁▁▁▁▁▁▁▁▁▁
wandb:          Loss/Divergence_data ▁▁▁▁▁▁▁▁▁▁▁▁▁▁▁▁▁▁▁▁▁▁▁▁▁▁▁▁▁▁▁▁▁▁▁▁▁▁▁▁
wandb:                 Loss/Momentum ▁▁▁▁▁▁▁▁▁▁▁▁▁▁▁▁▁▁▁▁▁▁▁▁▁▁▁▁▁▁▁▁▁▁▁▁▁▁▁▁
wandb:            Loss/Momentum_data ▁▁▁▁▁▁▁▁▁▁▁▁▁▁▁▁▁▁▁▁▁▁▁▁▁▁▁▁▁▁▁▁▁▁▁▁▁▁▁▁
wandb:                  Loss/Physics ▁▁▁▁▁▁▁▁▁▁▁▁▁▁▁▁▁▁▁▁▁▁▁▁▁▁▁▁▁▁▁▁▁▁▁▁▁▁▁▁
wandb:             Loss/Physics_data ▁▁▁▁▁▁▁▁▁▁▁▁▁▁▁▁▁▁▁▁▁▁▁▁▁▁▁▁▁▁▁▁▁▁▁▁▁▁▁▁
wandb:                      Loss/Ref █▄▂▂▁▁▁▁▁▁▁▁▁▁▁▁▁▁▁▁▁▁▁▁▁▁▁▁▁▁▁▁▁▁▁▁▁▁▁▁
wandb:                    Loss/Train █▂▂▁▁▁▁▁▁▁▁▁▁▁▁▁▁▁▁▁▁▁▁▁▁▁▁▁▁▁▁▁▁▁▁▁▁▁▁▁
wandb:                VNRMSE [Fluid] ████████████████████▁▁▁▁▁▁▁▁▁▁▁▁▁▁▁▁▁▁▁▁
wandb:                VNRMSE [Noisy] ▁
wandb: 
wandb: Run summary:
wandb:     Directional error [Fluid] 0.06368
wandb:     Directional error [Noisy] 0.00012
wandb:            Divergence [Noisy] 0.03083
wandb: Divergence prediction [Fluid] 0.01044
wandb:  Divergence reference [Fluid] 0.03083
wandb:                 Loss/Boundary 2e-05
wandb:                     Loss/Data 0.00219
wandb:               Loss/Divergence 0
wandb:          Loss/Divergence_data 0
wandb:                 Loss/Momentum 0
wandb:            Loss/Momentum_data 0
wandb:                  Loss/Physics 0
wandb:             Loss/Physics_data 0
wandb:                      Loss/Ref 0.00169
wandb:                    Loss/Train 0.00221
wandb:                VNRMSE [Fluid] 0.02421
wandb:                VNRMSE [Noisy] 0
wandb: 
wandb: 🚀 View run clear-sweep-9 at: https://wandb.ai/javierbz/SRFlowNIR/runs/zekqu7dz
wandb: ⭐️ View project at: https://wandb.ai/javierbz/SRFlowNIR
wandb: Synced 5 W&B file(s), 0 media file(s), 0 artifact file(s) and 0 other file(s)
wandb: Find logs at: ./wandb/run-20250213_140412-zekqu7dz/logs
wandb: Agent Starting Run: vi73ed41 with config:
wandb: 	fourier_scale: 8.5
wandb: WARNING Ignoring project 'SRFlowNIR' when running a sweep.
wandb: Tracking run with wandb version 0.19.5
wandb: Run data is saved locally in /proj/multipress/users/x_javbi/SRFLOW2/SRFlowNIR/src/wandb/run-20250213_140949-vi73ed41
wandb: Run `wandb offline` to turn off syncing.
wandb: Syncing run earthy-sweep-10
wandb: ⭐️ View project at https://wandb.ai/javierbz/SRFlowNIR
wandb: 🧹 View sweep at https://wandb.ai/javierbz/SRFlowNIR/sweeps/m67ssd03
wandb: 🚀 View run at https://wandb.ai/javierbz/SRFlowNIR/runs/vi73ed41
wandb:                                                                                
wandb: 
wandb: Run history:
wandb:     Directional error [Fluid] ████████████████▁▁▁▁▁▁▁▁▁▁▁▁▁▁▁▁▁▁▁▁▁▁▁▁
wandb:     Directional error [Noisy] ▁
wandb:            Divergence [Noisy] ▁
wandb: Divergence prediction [Fluid] ███████████████████████▁▁▁▁▁▁▁▁▁▁▁▁▁▁▁▁▁
wandb:  Divergence reference [Fluid] ▁▁▁▁▁▁▁▁▁▁▁▁▁▁▁▁▁▁▁▁▁▁▁▁▁▁▁▁▁▁▁▁▁▁▁▁▁▁▁▁
wandb:                 Loss/Boundary █▁▁▁▁▁▁▁▁▁▁▁▁▁▁▁▁▁▁▁▁▁▁▁▁▁▁▁▁▁▁▁▁▁▁▁▁▁▁▁
wandb:                     Loss/Data █▄▃▂▂▂▂▂▂▁▁▁▂▁▁▁▁▁▁▁▁▁▁▁▁▁▁▁▁▁▁▁▁▁▁▁▁▁▁▁
wandb:               Loss/Divergence ▁▁▁▁▁▁▁▁▁▁▁▁▁▁▁▁▁▁▁▁▁▁▁▁▁▁▁▁▁▁▁▁▁▁▁▁▁▁▁▁
wandb:          Loss/Divergence_data ▁▁▁▁▁▁▁▁▁▁▁▁▁▁▁▁▁▁▁▁▁▁▁▁▁▁▁▁▁▁▁▁▁▁▁▁▁▁▁▁
wandb:                 Loss/Momentum ▁▁▁▁▁▁▁▁▁▁▁▁▁▁▁▁▁▁▁▁▁▁▁▁▁▁▁▁▁▁▁▁▁▁▁▁▁▁▁▁
wandb:            Loss/Momentum_data ▁▁▁▁▁▁▁▁▁▁▁▁▁▁▁▁▁▁▁▁▁▁▁▁▁▁▁▁▁▁▁▁▁▁▁▁▁▁▁▁
wandb:                  Loss/Physics ▁▁▁▁▁▁▁▁▁▁▁▁▁▁▁▁▁▁▁▁▁▁▁▁▁▁▁▁▁▁▁▁▁▁▁▁▁▁▁▁
wandb:             Loss/Physics_data ▁▁▁▁▁▁▁▁▁▁▁▁▁▁▁▁▁▁▁▁▁▁▁▁▁▁▁▁▁▁▁▁▁▁▁▁▁▁▁▁
wandb:                      Loss/Ref █▅▃▂▁▁▁▁▁▁▁▁▁▁▁▁▁▁▁▁▁▁▁▁▁▁▁▁▁▁▁▁▁▁▁▁▁▁▁▁
wandb:                    Loss/Train █▅▃▂▂▁▁▁▁▁▁▁▁▁▁▁▁▁▁▁▁▁▁▁▁▁▁▁▁▁▁▁▁▁▁▁▁▁▁▁
wandb:                VNRMSE [Fluid] █████████████████████████▁▁▁▁▁▁▁▁▁▁▁▁▁▁▁
wandb:                VNRMSE [Noisy] ▁
wandb: 
wandb: Run summary:
wandb:     Directional error [Fluid] 0.06319
wandb:     Directional error [Noisy] 0.00012
wandb:            Divergence [Noisy] 0.03083
wandb: Divergence prediction [Fluid] 0.01053
wandb:  Divergence reference [Fluid] 0.03083
wandb:                 Loss/Boundary 2e-05
wandb:                     Loss/Data 0.00216
wandb:               Loss/Divergence 0
wandb:          Loss/Divergence_data 0
wandb:                 Loss/Momentum 0
wandb:            Loss/Momentum_data 0
wandb:                  Loss/Physics 0
wandb:             Loss/Physics_data 0
wandb:                      Loss/Ref 0.00168
wandb:                    Loss/Train 0.00218
wandb:                VNRMSE [Fluid] 0.02408
wandb:                VNRMSE [Noisy] 0
wandb: 
wandb: 🚀 View run earthy-sweep-10 at: https://wandb.ai/javierbz/SRFlowNIR/runs/vi73ed41
wandb: ⭐️ View project at: https://wandb.ai/javierbz/SRFlowNIR
wandb: Synced 5 W&B file(s), 0 media file(s), 0 artifact file(s) and 0 other file(s)
wandb: Find logs at: ./wandb/run-20250213_140949-vi73ed41/logs
wandb: Agent Starting Run: ut1d88io with config:
wandb: 	fourier_scale: 9
wandb: WARNING Ignoring project 'SRFlowNIR' when running a sweep.
wandb: Tracking run with wandb version 0.19.5
wandb: Run data is saved locally in /proj/multipress/users/x_javbi/SRFLOW2/SRFlowNIR/src/wandb/run-20250213_141526-ut1d88io
wandb: Run `wandb offline` to turn off syncing.
wandb: Syncing run resilient-sweep-11
wandb: ⭐️ View project at https://wandb.ai/javierbz/SRFlowNIR
wandb: 🧹 View sweep at https://wandb.ai/javierbz/SRFlowNIR/sweeps/m67ssd03
wandb: 🚀 View run at https://wandb.ai/javierbz/SRFlowNIR/runs/ut1d88io
wandb:                                                                                
wandb: 
wandb: Run history:
wandb:     Directional error [Fluid] █████████████████████▁▁▁▁▁▁▁▁▁▁▁▁▁▁▁▁▁▁▁
wandb:     Directional error [Noisy] ▁
wandb:            Divergence [Noisy] ▁
wandb: Divergence prediction [Fluid] █████████████████████▁▁▁▁▁▁▁▁▁▁▁▁▁▁▁▁▁▁▁
wandb:  Divergence reference [Fluid] ▁▁▁▁▁▁▁▁▁▁▁▁▁▁▁▁▁▁▁▁▁▁▁▁▁▁▁▁▁▁▁▁▁▁▁▁▁▁▁▁
wandb:                 Loss/Boundary █▁▁▁▁▁▁▁▁▁▁▁▁▁▁▁▁▁▁▁▁▁▁▁▁▁▁▁▁▁▁▁▁▁▁▁▁▁▁▁
wandb:                     Loss/Data █▅▃▂▂▂▁▁▁▁▁▁▁▁▁▁▁▁▁▁▁▁▁▁▁▁▁▁▁▁▁▁▁▁▁▁▁▁▁▁
wandb:               Loss/Divergence ▁▁▁▁▁▁▁▁▁▁▁▁▁▁▁▁▁▁▁▁▁▁▁▁▁▁▁▁▁▁▁▁▁▁▁▁▁▁▁▁
wandb:          Loss/Divergence_data ▁▁▁▁▁▁▁▁▁▁▁▁▁▁▁▁▁▁▁▁▁▁▁▁▁▁▁▁▁▁▁▁▁▁▁▁▁▁▁▁
wandb:                 Loss/Momentum ▁▁▁▁▁▁▁▁▁▁▁▁▁▁▁▁▁▁▁▁▁▁▁▁▁▁▁▁▁▁▁▁▁▁▁▁▁▁▁▁
wandb:            Loss/Momentum_data ▁▁▁▁▁▁▁▁▁▁▁▁▁▁▁▁▁▁▁▁▁▁▁▁▁▁▁▁▁▁▁▁▁▁▁▁▁▁▁▁
wandb:                  Loss/Physics ▁▁▁▁▁▁▁▁▁▁▁▁▁▁▁▁▁▁▁▁▁▁▁▁▁▁▁▁▁▁▁▁▁▁▁▁▁▁▁▁
wandb:             Loss/Physics_data ▁▁▁▁▁▁▁▁▁▁▁▁▁▁▁▁▁▁▁▁▁▁▁▁▁▁▁▁▁▁▁▁▁▁▁▁▁▁▁▁
wandb:                      Loss/Ref █▅▂▂▂▁▁▁▁▁▁▁▁▁▁▁▁▁▁▁▁▁▁▁▁▁▁▁▁▁▁▁▁▁▁▁▁▁▁▁
wandb:                    Loss/Train █▃▂▂▁▁▁▁▁▁▁▁▁▁▁▁▁▁▁▁▁▁▁▁▁▁▁▁▁▁▁▁▁▁▁▁▁▁▁▁
wandb:                VNRMSE [Fluid] ██████████████████▁▁▁▁▁▁▁▁▁▁▁▁▁▁▁▁▁▁▁▁▁▁
wandb:                VNRMSE [Noisy] ▁
wandb: 
wandb: Run summary:
wandb:     Directional error [Fluid] 0.0623
wandb:     Directional error [Noisy] 0.00012
wandb:            Divergence [Noisy] 0.03083
wandb: Divergence prediction [Fluid] 0.0106
wandb:  Divergence reference [Fluid] 0.03083
wandb:                 Loss/Boundary 2e-05
wandb:                     Loss/Data 0.00214
wandb:               Loss/Divergence 0
wandb:          Loss/Divergence_data 0
wandb:                 Loss/Momentum 0
wandb:            Loss/Momentum_data 0
wandb:                  Loss/Physics 0
wandb:             Loss/Physics_data 0
wandb:                      Loss/Ref 0.00166
wandb:                    Loss/Train 0.00216
wandb:                VNRMSE [Fluid] 0.02394
wandb:                VNRMSE [Noisy] 0
wandb: 
wandb: 🚀 View run resilient-sweep-11 at: https://wandb.ai/javierbz/SRFlowNIR/runs/ut1d88io
wandb: ⭐️ View project at: https://wandb.ai/javierbz/SRFlowNIR
wandb: Synced 5 W&B file(s), 0 media file(s), 0 artifact file(s) and 0 other file(s)
wandb: Find logs at: ./wandb/run-20250213_141526-ut1d88io/logs
wandb: Agent Starting Run: o8vkezxt with config:
wandb: 	fourier_scale: 9.5
wandb: WARNING Ignoring project 'SRFlowNIR' when running a sweep.
wandb: Tracking run with wandb version 0.19.5
wandb: Run data is saved locally in /proj/multipress/users/x_javbi/SRFLOW2/SRFlowNIR/src/wandb/run-20250213_142103-o8vkezxt
wandb: Run `wandb offline` to turn off syncing.
wandb: Syncing run cosmic-sweep-12
wandb: ⭐️ View project at https://wandb.ai/javierbz/SRFlowNIR
wandb: 🧹 View sweep at https://wandb.ai/javierbz/SRFlowNIR/sweeps/m67ssd03
wandb: 🚀 View run at https://wandb.ai/javierbz/SRFlowNIR/runs/o8vkezxt
wandb:                                                                                
wandb: 
wandb: Run history:
wandb:     Directional error [Fluid] █████████████████████▁▁▁▁▁▁▁▁▁▁▁▁▁▁▁▁▁▁▁
wandb:     Directional error [Noisy] ▁
wandb:            Divergence [Noisy] ▁
wandb: Divergence prediction [Fluid] █████████████████████▁▁▁▁▁▁▁▁▁▁▁▁▁▁▁▁▁▁▁
wandb:  Divergence reference [Fluid] ▁▁▁▁▁▁▁▁▁▁▁▁▁▁▁▁▁▁▁▁▁▁▁▁▁▁▁▁▁▁▁▁▁▁▁▁▁▁▁▁
wandb:                 Loss/Boundary █▁▁▁▁▁▁▁▁▁▁▁▁▁▁▁▁▁▁▁▁▁▁▁▁▁▁▁▁▁▁▁▁▁▁▁▁▁▁▁
wandb:                     Loss/Data █▃▂▂▁▁▁▁▁▁▁▁▁▁▁▁▁▁▁▁▁▁▁▁▁▁▁▁▁▁▁▁▁▁▁▁▁▁▁▁
wandb:               Loss/Divergence ▁▁▁▁▁▁▁▁▁▁▁▁▁▁▁▁▁▁▁▁▁▁▁▁▁▁▁▁▁▁▁▁▁▁▁▁▁▁▁▁
wandb:          Loss/Divergence_data ▁▁▁▁▁▁▁▁▁▁▁▁▁▁▁▁▁▁▁▁▁▁▁▁▁▁▁▁▁▁▁▁▁▁▁▁▁▁▁▁
wandb:                 Loss/Momentum ▁▁▁▁▁▁▁▁▁▁▁▁▁▁▁▁▁▁▁▁▁▁▁▁▁▁▁▁▁▁▁▁▁▁▁▁▁▁▁▁
wandb:            Loss/Momentum_data ▁▁▁▁▁▁▁▁▁▁▁▁▁▁▁▁▁▁▁▁▁▁▁▁▁▁▁▁▁▁▁▁▁▁▁▁▁▁▁▁
wandb:                  Loss/Physics ▁▁▁▁▁▁▁▁▁▁▁▁▁▁▁▁▁▁▁▁▁▁▁▁▁▁▁▁▁▁▁▁▁▁▁▁▁▁▁▁
wandb:             Loss/Physics_data ▁▁▁▁▁▁▁▁▁▁▁▁▁▁▁▁▁▁▁▁▁▁▁▁▁▁▁▁▁▁▁▁▁▁▁▁▁▁▁▁
wandb:                      Loss/Ref █▅▄▂▂▁▁▁▁▁▁▁▁▁▁▁▁▁▁▁▁▁▁▁▁▁▁▁▁▁▁▁▁▁▁▁▁▁▁▁
wandb:                    Loss/Train █▆▄▃▂▂▁▁▁▁▁▁▁▁▁▁▁▁▁▁▁▁▁▁▁▁▁▁▁▁▁▁▁▁▁▁▁▁▁▁
wandb:                VNRMSE [Fluid] ████████████████████▁▁▁▁▁▁▁▁▁▁▁▁▁▁▁▁▁▁▁▁
wandb:                VNRMSE [Noisy] ▁
wandb: 
wandb: Run summary:
wandb:     Directional error [Fluid] 0.06252
wandb:     Directional error [Noisy] 0.00012
wandb:            Divergence [Noisy] 0.03083
wandb: Divergence prediction [Fluid] 0.01068
wandb:  Divergence reference [Fluid] 0.03083
wandb:                 Loss/Boundary 2e-05
wandb:                     Loss/Data 0.00212
wandb:               Loss/Divergence 0
wandb:          Loss/Divergence_data 0
wandb:                 Loss/Momentum 0
wandb:            Loss/Momentum_data 0
wandb:                  Loss/Physics 0
wandb:             Loss/Physics_data 0
wandb:                      Loss/Ref 0.00164
wandb:                    Loss/Train 0.00214
wandb:                VNRMSE [Fluid] 0.02383
wandb:                VNRMSE [Noisy] 0
wandb: 
wandb: 🚀 View run cosmic-sweep-12 at: https://wandb.ai/javierbz/SRFlowNIR/runs/o8vkezxt
wandb: ⭐️ View project at: https://wandb.ai/javierbz/SRFlowNIR
wandb: Synced 5 W&B file(s), 0 media file(s), 0 artifact file(s) and 0 other file(s)
wandb: Find logs at: ./wandb/run-20250213_142103-o8vkezxt/logs
wandb: Agent Starting Run: 0lf4awii with config:
wandb: 	fourier_scale: 10
wandb: WARNING Ignoring project 'SRFlowNIR' when running a sweep.
wandb: Tracking run with wandb version 0.19.5
wandb: Run data is saved locally in /proj/multipress/users/x_javbi/SRFLOW2/SRFlowNIR/src/wandb/run-20250213_142640-0lf4awii
wandb: Run `wandb offline` to turn off syncing.
wandb: Syncing run rare-sweep-13
wandb: ⭐️ View project at https://wandb.ai/javierbz/SRFlowNIR
wandb: 🧹 View sweep at https://wandb.ai/javierbz/SRFlowNIR/sweeps/m67ssd03
wandb: 🚀 View run at https://wandb.ai/javierbz/SRFlowNIR/runs/0lf4awii
wandb:                                                                                
wandb: 
wandb: Run history:
wandb:     Directional error [Fluid] ███████████████████▁▁▁▁▁▁▁▁▁▁▁▁▁▁▁▁▁▁▁▁▁
wandb:     Directional error [Noisy] ▁
wandb:            Divergence [Noisy] ▁
wandb: Divergence prediction [Fluid] ████████████████▁▁▁▁▁▁▁▁▁▁▁▁▁▁▁▁▁▁▁▁▁▁▁▁
wandb:  Divergence reference [Fluid] ▁▁▁▁▁▁▁▁▁▁▁▁▁▁▁▁▁▁▁▁▁▁▁▁▁▁▁▁▁▁▁▁▁▁▁▁▁▁▁▁
wandb:                 Loss/Boundary █▁▁▁▁▁▁▁▁▁▁▁▁▁▁▁▁▁▁▁▁▁▁▁▁▁▁▁▁▁▁▁▁▁▁▁▁▁▁▁
wandb:                     Loss/Data █▆▄▃▂▂▁▁▁▁▁▁▁▁▁▁▁▁▁▁▁▁▁▁▁▁▁▁▁▁▁▁▁▁▁▁▁▁▁▁
wandb:               Loss/Divergence ▁▁▁▁▁▁▁▁▁▁▁▁▁▁▁▁▁▁▁▁▁▁▁▁▁▁▁▁▁▁▁▁▁▁▁▁▁▁▁▁
wandb:          Loss/Divergence_data ▁▁▁▁▁▁▁▁▁▁▁▁▁▁▁▁▁▁▁▁▁▁▁▁▁▁▁▁▁▁▁▁▁▁▁▁▁▁▁▁
wandb:                 Loss/Momentum ▁▁▁▁▁▁▁▁▁▁▁▁▁▁▁▁▁▁▁▁▁▁▁▁▁▁▁▁▁▁▁▁▁▁▁▁▁▁▁▁
wandb:            Loss/Momentum_data ▁▁▁▁▁▁▁▁▁▁▁▁▁▁▁▁▁▁▁▁▁▁▁▁▁▁▁▁▁▁▁▁▁▁▁▁▁▁▁▁
wandb:                  Loss/Physics ▁▁▁▁▁▁▁▁▁▁▁▁▁▁▁▁▁▁▁▁▁▁▁▁▁▁▁▁▁▁▁▁▁▁▁▁▁▁▁▁
wandb:             Loss/Physics_data ▁▁▁▁▁▁▁▁▁▁▁▁▁▁▁▁▁▁▁▁▁▁▁▁▁▁▁▁▁▁▁▁▁▁▁▁▁▁▁▁
wandb:                      Loss/Ref █▆▄▃▂▁▁▁▁▁▁▁▁▁▁▁▁▁▁▁▁▁▁▁▁▁▁▁▁▁▁▁▁▁▁▁▁▁▁▁
wandb:                    Loss/Train █▄▃▂▂▁▁▁▁▁▁▁▁▁▁▁▁▁▁▁▁▁▁▁▁▁▁▁▁▁▁▁▁▁▁▁▁▁▁▁
wandb:                VNRMSE [Fluid] ████████████████████▁▁▁▁▁▁▁▁▁▁▁▁▁▁▁▁▁▁▁▁
wandb:                VNRMSE [Noisy] ▁
wandb: 
wandb: Run summary:
wandb:     Directional error [Fluid] 0.06235
wandb:     Directional error [Noisy] 0.00012
wandb:            Divergence [Noisy] 0.03083
wandb: Divergence prediction [Fluid] 0.01076
wandb:  Divergence reference [Fluid] 0.03083
wandb:                 Loss/Boundary 2e-05
wandb:                     Loss/Data 0.00209
wandb:               Loss/Divergence 0
wandb:          Loss/Divergence_data 0
wandb:                 Loss/Momentum 0
wandb:            Loss/Momentum_data 0
wandb:                  Loss/Physics 0
wandb:             Loss/Physics_data 0
wandb:                      Loss/Ref 0.00163
wandb:                    Loss/Train 0.00211
wandb:                VNRMSE [Fluid] 0.02372
wandb:                VNRMSE [Noisy] 0
wandb: 
wandb: 🚀 View run rare-sweep-13 at: https://wandb.ai/javierbz/SRFlowNIR/runs/0lf4awii
wandb: ⭐️ View project at: https://wandb.ai/javierbz/SRFlowNIR
wandb: Synced 5 W&B file(s), 0 media file(s), 0 artifact file(s) and 0 other file(s)
wandb: Find logs at: ./wandb/run-20250213_142640-0lf4awii/logs
wandb: Sweep Agent: Waiting for job.
wandb: Sweep Agent: Exiting.
